# step2 1k summary, extracted from data/processed/step2_1k_summary_loss.json
# generated 2026-10-09; 52 variants total

     rmse  spearman   dim   drift  content  restr  variant
  1.08858    0.8764    16    None     None   None  mirt_F2_py
  1.11056    0.8624    16    None     None   None  mirt
  1.11056    0.8624    16    None     None   None  mirt_step1
  1.37173    0.7919    16    time     none    off  mf_dot_pdt
  1.37368    0.7912     8    time     none    off  mf_dot_pdt_dim8
  1.42024    0.7746    16   logpc     None   None  mirt+mirt_exp_F1_pd
  1.42160    0.7747     8   logpc     None   None  mirt_F1_pd_dim8
  1.42255    0.7747    16   logpc     None   None  mirt_F1_pd
  1.42898    0.7724    16    none     None   None  mirt+mirt_exp_F1
  1.42898    0.7724    16    None     None   None  mirt_F1
  1.42971    0.7713     4   logpc     None   None  mirt_F1_pd_dim4
  1.43251    0.7697     3   logpc     None   None  mirt_F1_pd_dim3
  1.43629    0.7706    16   logpc     None   None  mirt_pd
  1.43847    0.7651    16   logpc     None   None  mirt_pd_dsimplex
  1.43847    0.7651    16   logpc     None   None  mirt_pd_dsimplex_dlw0.0
  1.44076    0.7657     2   logpc     None   None  mirt_F1_pd_dim2
  1.45484    0.7632    16    none     None   None  bias+mf_dot+mirt
  1.45484    0.7632    16    none     none    off  mf_dot
  1.45556    0.7630     8    none     None   None  mirt+mf_dot+mirt_exp_dim8
  1.45746    0.7629    16    none     None   None  mirt+mirt_exp
  1.45774    0.7635    16    none     None   None  mirt_nobm
  1.46283    0.7602     4    none     None   None  mirt+mf_dot+mirt_exp_dim4
  1.46743    0.7583     3    none     None   None  mirt+mf_dot+mirt_exp_dim3
  1.46979    0.7599    16   logpc     None   None  mirt+mirt_exp_F1_pd_nobubm
  1.47228    0.7537    16    none     None   None  mirt_dsimplex
  1.47228    0.7537    16    none     None   None  mirt_dsimplex_dlw0.0
  1.47387    0.7613    16   logpc     None   None  mirt_exp_pd
  1.47767    0.7539     2    none     None   None  mirt+mf_dot+mirt_exp_dim2
  1.48710    0.7565    16    time     none     on  mf_dot_pdt_cov
  1.50202    0.7398    16    none     None   None  mirt_exp_F1_dlw0.0001
  1.50642    0.7486    16   logpc     None   None  mirt_pd_dnonneg
  1.50652    0.7469    16    none     None   None  mirt_nobu
  1.50700    0.7470    16    none     None   None  mirt_nobubm
  1.51659    0.7421    16    none     None   None  mirt_exp_nobubm
  1.51879    0.7447    16    time     cm3p    off  mf_dot_pdt_cm3p16
  1.52356    0.7330    16    none     none    off  bias
  1.53122    0.7396    32    time     cm3p    off  mf_dot_pdt_cm3p32_dim32
  1.53195    0.7433    16    none     None   None  mirt_dlw0.0
  1.53836    0.7367    16    none     None   None  mirt_dnonneg
  1.54618    0.7328    64    time     cm3p    off  mf_dot_pdt_cm3p64_dim64
  1.55718    0.7289    16   logpc     cm3p    off  mf_dot_pd_cm3p16
  1.55912    0.7324    16   logpc     none     on  mf_dot_pd_cov
  1.57595    0.7217    32    none     cm3p    off  mf_dot_cm3p32_dim32
  1.57956    0.7214    16    none     cm3p    off  mf_dot_cm3p16
  1.57984    0.7196    64    none     cm3p    off  mf_dot_cm3p64_dim64
  1.58147    0.7252     8    none     none     on  mf_dot_cov_dim8
  1.58314    0.7245    16    none     none     on  mf_dot_cov
  1.58514    0.7202     8    none     cm3p    off  mf_dot_cm3p8_dim8
  1.58787    0.7160   128    none     cm3p    off  mf_dot_cm3p128_dim128
  1.59759    0.7160   512    none     cm3p    off  mf_dot_cm3p512raw_dim512
  1.63750    0.6951    16    none     none     on  bias_cov
  2.16993    0.0913    16    none     None   None  bias_nobubm
