===== 1k =====
[1k] read step0_1k.csv: 1,376,918 rows
[1k] charts(NM)=868,503 primary=104,398
[1k] playcount_cur vs n_scores mismatch = 15,113 / 856,327 cells
[1k] analysis set: 293,992 plays in 38,433 cells
[gap distribution]
  bucket  pairs    share  median_days
  <10min  33333 0.130433     0.002245
10-60min   5006 0.019589     0.012176
    1-6h   2886 0.011293     0.106765
   6-24h   7853 0.030729     0.831574
    1-3d  17246 0.067484     1.935648
    3-7d  21572 0.084412     4.927691
   7-30d  57669 0.225660    15.844884
    1-3m  53308 0.208595    51.994294
    3-6m  29501 0.115438   124.961944
   6-12m  18612 0.072829   244.151285
    1-2y   6480 0.025356   454.963640
    2-5y   2091 0.008182   965.810567
     >5y      0 0.000000          NaN
[ΔACC (pp) ~ konly]  n=225,444
   10-60min:+0.425±0.028  1-6h:+0.340±0.034  6-24h:+0.318±0.029  1-3d:+0.368±0.025  3-7d:+0.337±0.025  7-30d:+0.319±0.027  1-3m:+0.340±0.030  3-6m:+0.344±0.029  6-12m:+0.357±0.031  1-2y:+0.545±0.045  2-5y:+0.712±0.115
[ΔACC (pp) ~ klevel]  n=225,444
   10-60min:+0.672±0.027  1-6h:+0.575±0.035  6-24h:+0.530±0.029  1-3d:+0.563±0.023  3-7d:+0.540±0.023  7-30d:+0.546±0.024  1-3m:+0.602±0.027  3-6m:+0.647±0.028  6-12m:+0.704±0.032  1-2y:+0.948±0.047  2-5y:+1.164±0.116
[ΔACC (pp) ~ kleveldrift]  n=225,444
   10-60min:+0.672±0.027  1-6h:+0.575±0.035  6-24h:+0.529±0.029  1-3d:+0.562±0.023  3-7d:+0.537±0.026  7-30d:+0.540±0.043  1-3m:+0.580±0.115  3-6m:+0.597±0.261  6-12m:+0.606±0.511  1-2y:+0.762±0.964  2-5y:+0.754±2.049
[Δloss ~ konly]  n=225,444
   10-60min:-0.182±0.015  1-6h:-0.090±0.020  6-24h:-0.078±0.016  1-3d:-0.104±0.014  3-7d:-0.071±0.014  7-30d:-0.078±0.014  1-3m:-0.101±0.016  3-6m:-0.134±0.020  6-12m:-0.217±0.028  1-2y:-0.407±0.036  2-5y:-0.654±0.099
[Δloss ~ klevel]  n=225,444
   10-60min:-0.111±0.023  1-6h:-0.036±0.026  6-24h:+0.000±0.022  1-3d:-0.026±0.021  3-7d:+0.006±0.021  7-30d:-0.004±0.023  1-3m:-0.035±0.024  3-6m:-0.075±0.027  6-12m:-0.162±0.033  1-2y:-0.353±0.040  2-5y:-0.601±0.094
[Δloss ~ kleveldrift]  n=225,444
   10-60min:-0.111±0.023  1-6h:-0.036±0.026  6-24h:+0.001±0.023  1-3d:-0.025±0.022  3-7d:+0.009±0.024  7-30d:+0.005±0.041  1-3m:-0.008±0.109  3-6m:-0.012±0.249  6-12m:-0.039±0.487  1-2y:-0.120±0.918  2-5y:-0.086±1.963
[cell-centered loss（水平） ~ konly]  n=225,444
   10-60min:+0.252±0.018  1-6h:+0.351±0.025  6-24h:+0.362±0.024  1-3d:+0.335±0.020  3-7d:+0.329±0.018  7-30d:+0.283±0.017  1-3m:+0.198±0.015  3-6m:+0.139±0.017  6-12m:+0.064±0.022  1-2y:+0.050±0.023  2-5y:+0.141±0.043
[cell-centered loss（水平） ~ klevel]  n=225,444
   10-60min:+0.224±0.021  1-6h:+0.323±0.026  6-24h:+0.329±0.025  1-3d:+0.302±0.022  3-7d:+0.297±0.020  7-30d:+0.256±0.021  1-3m:+0.177±0.019  3-6m:+0.124±0.021  6-12m:+0.054±0.027  1-2y:+0.038±0.028  2-5y:+0.122±0.045
[cell-centered loss（水平） ~ kleveldrift]  n=225,444
   10-60min:+0.224±0.021  1-6h:+0.323±0.026  6-24h:+0.330±0.026  1-3d:+0.302±0.022  3-7d:+0.298±0.021  7-30d:+0.259±0.024  1-3m:+0.186±0.043  3-6m:+0.145±0.089  6-12m:+0.097±0.170  1-2y:+0.119±0.313  2-5y:+0.301±0.661
[窄窗 ACC∈[0.96,0.99] ΔACC ~ k + Δt]  n=75,356
   10-60min:+0.309±0.025  1-6h:+0.108±0.053  6-24h:+0.144±0.036  1-3d:+0.172±0.029  3-7d:+0.148±0.029  7-30d:+0.176±0.029  1-3m:+0.220±0.032  3-6m:+0.276±0.033  6-12m:+0.340±0.042  1-2y:+0.387±0.067  2-5y:+0.346±0.168
[Δt 桶组成诊断]
  bucket  pairs  mean_dt_days  mean_acc_prev  raw_d_acc_pp  raw_d_loss   mean_k
  <10min  28863      0.002661       0.985244      0.223403   -0.262206 3.765825
10-60min   4385      0.015787       0.975671      0.357834   -0.227879 3.293729
    1-6h   2442      0.119208       0.976258      0.266165   -0.140661 3.567158
   6-24h   6569      0.763864       0.975361      0.241549   -0.129305 3.636322
    1-3d  14531      1.886792       0.974849      0.288541   -0.157677 3.785287
    3-7d  18276      4.884956       0.976240      0.254315   -0.125717 3.881210
   7-30d  49592     16.699752       0.978823      0.233929   -0.134221 3.986107
    1-3m  47435     54.728517       0.981266      0.255857   -0.157793 3.925350
    3-6m  27179    128.655296       0.983070      0.264915   -0.187953 3.706317
   6-12m  17722    253.996365       0.984405      0.286200   -0.266362 3.387541
    1-2y   6359    482.498723       0.982154      0.498593   -0.440333 2.386539
    2-5y   2091   1063.819876       0.977221      0.695565   -0.666712 1.288379
[sessions] [{"thr": "30min", "sessions": 256872, "sessions_per_cell_mean": 6.683631254390758, "frac_cells_single_session": 0.00965316264668384}, {"thr": "6h", "sessions": 252765, "sessions_per_cell_mean": 6.5767699633127785, "frac_cells_single_session": 0.010641896287044988}, {"thr": "1d", "sessions": 244912, "sessions_per_cell_mean": 6.372440350740249, "frac_cells_single_session": 0.01298363385632139}]
  kernel-fit set: 292,768 plays (1,224 dropped, n>60)
  pairs=1,290,487 (max_n=60)
[kernel fits]
  none           r2=0.22198 (++0.00000) dAIC=+0 beta=-0.5587 gamma=— hl=infd
  none+drift     r2=0.23753 (++0.01556) dAIC=-5911 beta=-0.4194 gamma=-0.254 hl=infd
  exp            r2=0.22193 (+-0.00004) dAIC=+19 beta=-0.5589 gamma=— hl=2.08e+05d
  pow            r2=0.22196 (+-0.00001) dAIC=+9 beta=-0.5588 gamma=— hl=1.02e+08d
  2exp           r2=0.22855 (++0.00657) dAIC=-2477 beta=-0.9673 gamma=— hl=0.00139d
  exp+drift      r2=0.23753 (++0.01555) dAIC=-5907 beta=-0.4194 gamma=-0.254 hl=2.08e+05d
  pow+drift      r2=0.23778 (++0.01581) dAIC=-6003 beta=-0.5593 gamma=-0.308 hl=20.5d
  2exp+drift     r2=0.24490 (++0.02292) dAIC=-8746 beta=-0.7361 gamma=-0.254 hl=0.00139d
  exp+driftfix   r2=0.20856 (+-0.01342) dAIC=-5908 beta=-0.4217 gamma=-0.250 hl=2.08e+05d
  2exp+driftfix  r2=0.21591 (+-0.00606) dAIC=-8747 beta=-0.7398 gamma=-0.250 hl=0.00139d
  pairs=2,477,524 (max_n=60)
[selftest] {
  "true": {
    "tau_days": 30.0,
    "beta": -0.35,
    "gamma_per_year": -0.05
  },
  "est_drift_False": {
    "tau_days": 33.275845064030015,
    "beta": -0.3443114279619796,
    "gamma": null
  },
  "est_drift_True": {
    "tau_days": 33.275845064030015,
    "beta": -0.33835405303368754,
    "gamma": -0.04493502912915022
  }
}
===== 10k =====
[10k] read step0_10k.parquet: 13,162,197 rows
[10k] charts(NM)=7,804,393 primary=1,033,048
[10k] playcount_cur vs n_scores mismatch = 124,189 / 7,684,076 cells
[10k] analysis set: 3,381,434 plays in 417,418 cells
[gap distribution]
  bucket  pairs    share  median_days
  <10min 292131 0.098560     0.002130
10-60min  51101 0.017241     0.014155
    1-6h  45976 0.015511     0.116429
   6-24h 131577 0.044392     0.820347
    1-3d 288069 0.097189     1.933958
    3-7d 346687 0.116966     4.896910
   7-30d 778327 0.262594    14.977755
    1-3m 557004 0.187923    50.122645
    3-6m 257493 0.086874   123.916285
   6-12m 148140 0.049980   242.580116
    1-2y  50091 0.016900   458.065509
    2-5y  17402 0.005871   976.327454
     >5y      0 0.000000          NaN
[ΔACC (pp) ~ konly]  n=2,523,136
   10-60min:+0.545±0.012  1-6h:+0.375±0.014  6-24h:+0.401±0.011  1-3d:+0.448±0.011  3-7d:+0.438±0.011  7-30d:+0.467±0.012  1-3m:+0.505±0.013  3-6m:+0.499±0.013  6-12m:+0.473±0.014  1-2y:+0.424±0.022  2-5y:+0.422±0.045
[ΔACC (pp) ~ klevel]  n=2,523,136
   10-60min:+0.944±0.013  1-6h:+0.736±0.015  6-24h:+0.753±0.012  1-3d:+0.798±0.012  3-7d:+0.802±0.012  7-30d:+0.867±0.013  1-3m:+0.966±0.014  3-6m:+1.019±0.014  6-12m:+1.053±0.015  1-2y:+1.112±0.024  2-5y:+1.209±0.045
[ΔACC (pp) ~ kleveldrift]  n=2,523,136
   10-60min:+0.944±0.013  1-6h:+0.736±0.015  6-24h:+0.753±0.013  1-3d:+0.797±0.012  3-7d:+0.801±0.013  7-30d:+0.865±0.020  1-3m:+0.959±0.049  3-6m:+1.002±0.113  6-12m:+1.021±0.221  1-2y:+1.049±0.420  2-5y:+1.067±0.924
[Δloss ~ konly]  n=2,523,136
   10-60min:-0.146±0.005  1-6h:-0.058±0.005  6-24h:-0.052±0.004  1-3d:-0.067±0.004  3-7d:-0.062±0.004  7-30d:-0.079±0.004  1-3m:-0.119±0.005  3-6m:-0.154±0.006  6-12m:-0.194±0.008  1-2y:-0.225±0.012  2-5y:-0.279±0.028
[Δloss ~ klevel]  n=2,523,136
   10-60min:-0.118±0.007  1-6h:-0.020±0.007  6-24h:-0.009±0.006  1-3d:-0.022±0.006  3-7d:-0.017±0.006  7-30d:-0.039±0.007  1-3m:-0.088±0.008  3-6m:-0.133±0.009  6-12m:-0.181±0.010  1-2y:-0.221±0.014  2-5y:-0.280±0.029
[Δloss ~ kleveldrift]  n=2,523,136
   10-60min:-0.118±0.007  1-6h:-0.020±0.007  6-24h:-0.009±0.006  1-3d:-0.022±0.007  3-7d:-0.017±0.008  7-30d:-0.037±0.016  1-3m:-0.082±0.047  3-6m:-0.120±0.110  6-12m:-0.156±0.215  1-2y:-0.173±0.411  2-5y:-0.172±0.913
[cell-centered loss（水平） ~ konly]  n=2,523,136
   10-60min:+0.277±0.006  1-6h:+0.373±0.007  6-24h:+0.362±0.006  1-3d:+0.326±0.006  3-7d:+0.304±0.006  7-30d:+0.247±0.005  1-3m:+0.153±0.005  3-6m:+0.084±0.006  6-12m:+0.042±0.007  1-2y:+0.087±0.008  2-5y:+0.212±0.014
[cell-centered loss（水平） ~ klevel]  n=2,523,136
   10-60min:+0.252±0.007  1-6h:+0.347±0.008  6-24h:+0.334±0.007  1-3d:+0.298±0.008  3-7d:+0.277±0.007  7-30d:+0.224±0.007  1-3m:+0.139±0.007  3-6m:+0.077±0.008  6-12m:+0.040±0.009  1-2y:+0.089±0.010  2-5y:+0.214±0.016
[cell-centered loss（水平） ~ kleveldrift]  n=2,523,136
   10-60min:+0.252±0.007  1-6h:+0.347±0.008  6-24h:+0.334±0.007  1-3d:+0.297±0.008  3-7d:+0.277±0.008  7-30d:+0.224±0.011  1-3m:+0.138±0.029  3-6m:+0.076±0.066  6-12m:+0.038±0.128  1-2y:+0.085±0.245  2-5y:+0.206±0.544
[窄窗 ACC∈[0.96,0.99] ΔACC ~ k + Δt]  n=1,041,918
   10-60min:+0.199±0.012  1-6h:-0.036±0.015  6-24h:-0.037±0.012  1-3d:+0.010±0.011  3-7d:-0.003±0.012  7-30d:+0.046±0.012  1-3m:+0.117±0.013  3-6m:+0.152±0.014  6-12m:+0.150±0.016  1-2y:+0.059±0.027  2-5y:-0.097±0.052
[Δt 桶组成诊断]
  bucket  pairs  mean_dt_days  mean_acc_prev  raw_d_acc_pp  raw_d_loss   mean_k
  <10min 238068      0.002590       0.973969      0.343913   -0.232264 3.854004
10-60min  43538      0.017427       0.963523      0.465366   -0.189408 3.361385
    1-6h  38242      0.124682       0.961983      0.288147   -0.104617 3.590895
   6-24h 108113      0.755025       0.962094      0.310990   -0.099166 3.681315
    1-3d 235808      1.884953       0.963193      0.352351   -0.116421 3.833496
    3-7d 286074      4.862029       0.964803      0.339600   -0.111903 3.925100
   7-30d 655435     16.180203       0.967692      0.365715   -0.130564 4.001456
    1-3m 482598     53.541424       0.971720      0.402507   -0.170259 3.999838
    3-6m 230939    127.993453       0.974697      0.401446   -0.204119 3.851043
   6-12m 137995    252.822921       0.976422      0.386698   -0.239829 3.506286
    1-2y  48924    485.437175       0.975871      0.375467   -0.257374 2.429687
    2-5y  17402   1095.523792       0.972746      0.416626   -0.292647 1.269682
[sessions] [{"thr": "30min", "sessions": 3054230, "sessions_per_cell_mean": 7.316958061224001, "frac_cells_single_session": 0.0050524893512019125}, {"thr": "6h", "sessions": 2992208, "sessions_per_cell_mean": 7.1683731894647575, "frac_cells_single_session": 0.005833481066940094}, {"thr": "1d", "sessions": 2860631, "sessions_per_cell_mean": 6.853156787680454, "frac_cells_single_session": 0.007510457143678519}]
  kernel-fit set: 3,356,167 plays (25,267 dropped, n>60)
  pairs=16,300,804 (max_n=60)
[kernel fits]
  none           r2=0.24409 (++0.00000) dAIC=+0 beta=-0.4922 gamma=— hl=infd
  none+drift     r2=0.25150 (++0.00741) dAIC=-33082 beta=-0.4218 gamma=-0.165 hl=infd
  exp            r2=0.24405 (+-0.00004) dAIC=+168 beta=-0.4923 gamma=— hl=2.08e+05d
  pow            r2=0.24408 (+-0.00001) dAIC=+54 beta=-0.4922 gamma=— hl=1.02e+08d
  2exp           r2=0.25322 (++0.00913) dAIC=-40774 beta=-0.8415 gamma=— hl=0.00139d
  exp+drift      r2=0.25149 (++0.00740) dAIC=-33032 beta=-0.4218 gamma=-0.166 hl=2.08e+05d
  pow+drift      r2=0.25150 (++0.00741) dAIC=-33064 beta=-0.4218 gamma=-0.165 hl=1.02e+08d
  2exp+drift     r2=0.26077 (++0.01668) dAIC=-74886 beta=-0.7268 gamma=-0.164 hl=0.00139d
  exp+driftfix   r2=0.23263 (+-0.01146) dAIC=-24361 beta=-0.3858 gamma=-0.250 hl=1.54e+05d
  2exp+driftfix  r2=0.24232 (+-0.00176) dAIC=-65565 beta=-0.6669 gamma=-0.250 hl=0.00139d
  pairs=2,477,524 (max_n=60)
[selftest] {
  "true": {
    "tau_days": 30.0,
    "beta": -0.35,
    "gamma_per_year": -0.05
  },
  "est_drift_False": {
    "tau_days": 33.275845064030015,
    "beta": -0.3443114279619796,
    "gamma": null
  },
  "est_drift_True": {
    "tau_days": 33.275845064030015,
    "beta": -0.33835405303368754,
    "gamma": -0.04493502912915022
  }
}
