===== 1k =====
[1k] read step0_1k.csv: 1,376,918 rows
[1k] charts(NM)=868,503 primary=104,398
[1k] playcount_cur vs n_scores mismatch = 15,113 / 856,327 cells
[1k] analysis set: 293,992 plays in 38,433 cells
[gap distribution]
  bucket  pairs    share  median_days
  <10min  33333 0.130433     0.002245
10-60min   5006 0.019589     0.012176
    1-6h   2886 0.011293     0.106765
   6-24h   7853 0.030729     0.831574
    1-3d  17246 0.067484     1.935648
    3-7d  21572 0.084412     4.927691
   7-30d  57669 0.225660    15.844884
    1-3m  53308 0.208595    51.994294
    3-6m  29501 0.115438   124.961944
   6-12m  18612 0.072829   244.151285
    1-2y   6480 0.025356   454.963640
    2-5y   2091 0.008182   965.810567
     >5y      0 0.000000          NaN
[ΔACC (pp) ~ konly]  n=225,444
   10-60min:+0.425±0.028  1-6h:+0.340±0.034  6-24h:+0.318±0.029  1-3d:+0.368±0.025  3-7d:+0.337±0.025  7-30d:+0.319±0.027  1-3m:+0.340±0.030  3-6m:+0.344±0.029  6-12m:+0.357±0.031  1-2y:+0.545±0.045  2-5y:+0.712±0.115
[ΔACC (pp) ~ klevel]  n=225,444
   10-60min:+0.672±0.027  1-6h:+0.575±0.035  6-24h:+0.530±0.029  1-3d:+0.563±0.023  3-7d:+0.540±0.023  7-30d:+0.546±0.024  1-3m:+0.602±0.027  3-6m:+0.647±0.028  6-12m:+0.704±0.032  1-2y:+0.948±0.047  2-5y:+1.164±0.116
[ΔACC (pp) ~ kleveldrift]  n=225,444
   10-60min:+0.672±0.027  1-6h:+0.575±0.035  6-24h:+0.529±0.029  1-3d:+0.562±0.023  3-7d:+0.537±0.026  7-30d:+0.540±0.043  1-3m:+0.580±0.115  3-6m:+0.597±0.261  6-12m:+0.606±0.511  1-2y:+0.762±0.964  2-5y:+0.754±2.049
[Δloss ~ konly]  n=225,444
   10-60min:-0.182±0.015  1-6h:-0.090±0.020  6-24h:-0.078±0.016  1-3d:-0.104±0.014  3-7d:-0.071±0.014  7-30d:-0.078±0.014  1-3m:-0.101±0.016  3-6m:-0.134±0.020  6-12m:-0.217±0.028  1-2y:-0.407±0.036  2-5y:-0.654±0.099
[Δloss ~ klevel]  n=225,444
   10-60min:-0.111±0.023  1-6h:-0.036±0.026  6-24h:+0.000±0.022  1-3d:-0.026±0.021  3-7d:+0.006±0.021  7-30d:-0.004±0.023  1-3m:-0.035±0.024  3-6m:-0.075±0.027  6-12m:-0.162±0.033  1-2y:-0.353±0.040  2-5y:-0.601±0.094
[Δloss ~ kleveldrift]  n=225,444
   10-60min:-0.111±0.023  1-6h:-0.036±0.026  6-24h:+0.001±0.023  1-3d:-0.025±0.022  3-7d:+0.009±0.024  7-30d:+0.005±0.041  1-3m:-0.008±0.109  3-6m:-0.012±0.249  6-12m:-0.039±0.487  1-2y:-0.120±0.918  2-5y:-0.086±1.963
[cell-centered loss（水平） ~ konly]  n=225,444
   10-60min:+0.252±0.018  1-6h:+0.351±0.025  6-24h:+0.362±0.024  1-3d:+0.335±0.020  3-7d:+0.329±0.018  7-30d:+0.283±0.017  1-3m:+0.198±0.015  3-6m:+0.139±0.017  6-12m:+0.064±0.022  1-2y:+0.050±0.023  2-5y:+0.141±0.043
[cell-centered loss（水平） ~ klevel]  n=225,444
   10-60min:+0.224±0.021  1-6h:+0.323±0.026  6-24h:+0.329±0.025  1-3d:+0.302±0.022  3-7d:+0.297±0.020  7-30d:+0.256±0.021  1-3m:+0.177±0.019  3-6m:+0.124±0.021  6-12m:+0.054±0.027  1-2y:+0.038±0.028  2-5y:+0.122±0.045
[cell-centered loss（水平） ~ kleveldrift]  n=225,444
   10-60min:+0.224±0.021  1-6h:+0.323±0.026  6-24h:+0.330±0.026  1-3d:+0.302±0.022  3-7d:+0.298±0.021  7-30d:+0.259±0.024  1-3m:+0.186±0.043  3-6m:+0.145±0.089  6-12m:+0.097±0.170  1-2y:+0.119±0.313  2-5y:+0.301±0.661
Traceback (most recent call last):
  File "D:\workstation\Projects\MusicGame\DenseConstantRegressor\scripts\forgetting_curve.py", line 574, in <module>
    run(t, a.min_n, a.max_n)
    ~~~^^^^^^^^^^^^^^^^^^^^^
  File "D:\workstation\Projects\MusicGame\DenseConstantRegressor\scripts\forgetting_curve.py", line 339, in run
    narrow = sel & (acc_prev >= 0.96) & (acc_prev <= 0.99)
             ~~~~^~~~~~~~~~~~~~~~~~~~
ValueError: operands could not be broadcast together with shapes (293992,) (225444,) 
