[1k] primary cells=141,477
{
  "tag": "1k",
  "min_n": 5,
  "cells_total": 141477,
  "cells_used": 51530,
  "b_loss": {
    "mean": -0.40074469041032357,
    "median": -0.32989626641207825,
    "sd": 0.4704467336851684,
    "q05": -1.2750262882543477,
    "q25": -0.5951277989563984,
    "q75": -0.13060236561691474,
    "q95": 0.19656238490825698
  },
  "b_acc": {
    "mean": 0.007438768281775826,
    "median": 0.004518034405964993,
    "sd": 0.011586921205524943,
    "q05": -0.0006900999629904219,
    "q25": 0.0004444766895830741,
    "q75": 0.011194504447799392,
    "q95": 0.025122564309550795
  },
  "frac_b_loss_neg": 0.8636522414127693,
  "frac_b_acc_pos": 0.8494275179507084,
  "xrange_median": 1.9459101490553132,
  "se_loss_median": 0.15851898861643116,
  "se_acc_median": 0.0017465067542519136,
  "noise_by_n": [
    {
      "bucket": "n=5",
      "cells": 16680,
      "se_loss_median": 0.1923087342389373,
      "sd_b_loss": 0.5412059248866863,
      "sd_b_acc": 0.011807629015634575,
      "se_acc_median": 0.0017066124014637407
    },
    {
      "bucket": "n=6-7",
      "cells": 17203,
      "se_loss_median": 0.1695094995120768,
      "sd_b_loss": 0.47257928172893593,
      "sd_b_acc": 0.011552002038287743,
      "se_acc_median": 0.0017441237739837822
    },
    {
      "bucket": "n=8-10",
      "cells": 10240,
      "se_loss_median": 0.14172081775706621,
      "sd_b_loss": 0.4104799967414749,
      "sd_b_acc": 0.01144429584294757,
      "se_acc_median": 0.0017979791958990278
    },
    {
      "bucket": "n=11-15",
      "cells": 5048,
      "se_loss_median": 0.11788338358246203,
      "sd_b_loss": 0.36465983155911924,
      "sd_b_acc": 0.011096771593020948,
      "se_acc_median": 0.0017560029278573528
    },
    {
      "bucket": "n=16-25",
      "cells": 1909,
      "se_loss_median": 0.09913356871631793,
      "sd_b_loss": 0.34239545377350905,
      "sd_b_acc": 0.010684396878623598,
      "se_acc_median": 0.0017660969722420494
    },
    {
      "bucket": "n>=26",
      "cells": 450,
      "se_loss_median": 0.0754965797647383,
      "sd_b_loss": 0.33524345469392686,
      "sd_b_acc": 0.010869359418688159,
      "se_acc_median": 0.0016415617390326226
    }
  ],
  "decomposition": [
    {
      "label": "b_loss (all)",
      "n_cells": 51530,
      "total_var": 0.22131583425873408,
      "sd": 0.47044216887810353,
      "var_player": 0.029278625275961534,
      "var_chart": 0.015302600688820047,
      "var_resid_incl_noise": 0.1767346082939525,
      "var_noise": 0.0924858753324964,
      "var_resid_excl_noise": 0.08424873296145609,
      "pairs_player": 5014264,
      "pairs_chart": 1209583,
      "share_player": 0.13229340491621905,
      "share_chart": 0.06914372277100703,
      "share_noise": 0.4178909098043739,
      "share_resid": 0.3806719625084,
      "reliability": 0.5821090901956261
    },
    {
      "label": "b_acc (all)",
      "n_cells": 51530,
      "total_var": 0.00013425413761370878,
      "sd": 0.011586808776091403,
      "var_player": 1.426606317290791e-05,
      "var_chart": 1.691373625691051e-05,
      "var_resid_incl_noise": 0.00010307433818389037,
      "var_noise": 2.8627770609090014e-05,
      "var_resid_excl_noise": 7.444656757480035e-05,
      "pairs_player": 5014264,
      "pairs_chart": 1209583,
      "share_player": 0.10626162758540704,
      "share_chart": 0.12598297942650102,
      "share_noise": 0.21323566720499207,
      "share_resid": 0.5545197257830999,
      "reliability": 0.7867643327950079
    },
    {
      "label": "b_loss (n>=8)",
      "n_cells": 17647,
      "total_var": 0.1515696369440397,
      "sd": 0.38931945359054393,
      "var_player": 0.031159571086263865,
      "var_chart": 0.010988406370010393,
      "var_resid_incl_noise": 0.10942165948776543,
      "var_noise": 0.048499021197594396,
      "var_resid_excl_noise": 0.060922638290171034,
      "pairs_player": 782276,
      "pairs_chart": 244131,
      "share_player": 0.20557924208638267,
      "share_chart": 0.07249741169510995,
      "share_noise": 0.3199784744189926,
      "share_resid": 0.4019448717995148,
      "reliability": 0.6800215255810075
    },
    {
      "label": "b_acc (n>=8)",
      "n_cells": 17647,
      "total_var": 0.00012794121755755158,
      "sd": 0.011311110359180108,
      "var_player": 1.669246169017357e-05,
      "var_chart": 1.668764966588886e-05,
      "var_resid_incl_noise": 9.456110620148915e-05,
      "var_noise": 2.048062855595675e-05,
      "var_resid_excl_noise": 7.40804776455324e-05,
      "pairs_player": 782276,
      "pairs_chart": 244131,
      "share_player": 0.13046977361040688,
      "share_chart": 0.13043216239819105,
      "share_noise": 0.1600784246620444,
      "share_resid": 0.5790196393293577,
      "reliability": 0.8399215753379556
    },
    {
      "label": "b_loss (n>=12)",
      "n_cells": 5741,
      "total_var": 0.12313370313528896,
      "sd": 0.3509041224256121,
      "var_player": 0.027888131252289197,
      "var_chart": 0.011210734813677556,
      "var_resid_incl_noise": 0.0840348370693222,
      "var_noise": 0.03057495073524931,
      "var_resid_excl_noise": 0.05345988633407289,
      "pairs_player": 116472,
      "pairs_chart": 44602,
      "share_player": 0.22648657956504453,
      "share_chart": 0.09104521774481308,
      "share_noise": 0.24830692131183715,
      "share_resid": 0.43416128137830523,
      "reliability": 0.7516930786881628
    },
    {
      "label": "b_acc (n>=12)",
      "n_cells": 5741,
      "total_var": 0.00011600335849705835,
      "sd": 0.010770485527452248,
      "var_player": 1.7205404704560705e-05,
      "var_chart": 1.6237312928569458e-05,
      "var_resid_incl_noise": 8.256064086392819e-05,
      "var_noise": 1.4880508528025307e-05,
      "var_resid_excl_noise": 6.768013233590289e-05,
      "pairs_player": 116472,
      "pairs_chart": 44602,
      "share_player": 0.1483181601591044,
      "share_chart": 0.13997278302059857,
      "share_noise": 0.12827653199715464,
      "share_resid": 0.5834325248231425,
      "reliability": 0.8717234680028454
    }
  ],
  "b_loss_vs_acc_level": {
    "n": 51530,
    "slope_on_log1over1mACC": 0.014154871689017037,
    "intercept": -0.46795440568474755,
    "r2": 0.0028520485338455748,
    "corr": 0.05340457409104125
  },
  "corr_b_loss_b_acc": -0.4036732104594266,
  "corr_b_loss_star": -0.036926847959084914,
  "corr_b_acc_star": 0.19253658497888426,
  "corr_b_loss_meanacc": -0.1036862269015069,
  "corr_b_loss_span": -0.22355630713479208,
  "meta_r2": {
    "star_only": {
      "n": 51530,
      "r2": 0.0013635921001934337,
      "coef": {
        "star": -0.012461388604246285
      }
    },
    "meta": {
      "n": 51530,
      "r2": 0.015755742455710098,
      "coef": {
        "star": 0.014744708181868824,
        "rate": 0.09945684035537714,
        "log_notes": -0.07244994617630457
      }
    },
    "meta+level": {
      "n": 51530,
      "r2": 0.023215573481848772,
      "coef": {
        "star": 0.00023118682651776846,
        "rate": 0.05650601761696901,
        "log_notes": -0.06696924471987709,
        "mean_acc": -2.204605885335043
      }
    },
    "meta+level+attempts": {
      "n": 51530,
      "r2": 0.029719862211649795,
      "coef": {
        "star": 0.004925926955737293,
        "rate": 0.07035595225331588,
        "log_notes": -0.06803974181232823,
        "mean_acc": -2.163073924142526,
        "log_attempts": -0.045988778323214796
      }
    }
  },
  "by_chart": {
    "charts": 1056,
    "b_loss_mean_sd": 0.1940643343747089,
    "b_acc_mean_sd_x100": 0.4803679003328764,
    "q05_b_loss": -0.7812215327778138,
    "q95_b_loss": -0.16822828142487467,
    "corr_mean_b_loss_star": 0.08616904508358977,
    "corr_mean_b_loss_n_med": 0.12803826348541542
  },
  "by_player": {
    "players": 516,
    "b_loss_mean_sd": 0.1919241059873555,
    "b_acc_mean_sd_x100": 0.45049134380529665,
    "q05_b_loss": -0.68369492420489,
    "q95_b_loss": -0.05835786973859564,
    "corr_mean_b_loss_meanacc": -0.015301699222352434,
    "corr_mean_b_acc_meanacc": -0.6420864127563217
  }
}
[10k] primary cells=1,237,444
{
  "tag": "10k",
  "min_n": 5,
  "cells_total": 1237444,
  "cells_used": 487375,
  "b_loss": {
    "mean": -0.37736757567449714,
    "median": -0.31971316985479326,
    "sd": 0.4003389078833703,
    "q05": -1.1022611458616065,
    "q25": -0.5458937084315885,
    "q75": -0.1472076878196839,
    "q95": 0.12065066259216735
  },
  "b_acc": {
    "mean": 0.009555076289047615,
    "median": 0.006846031568618417,
    "sd": 0.012603065002964995,
    "q05": -0.0013407273521259002,
    "q25": 0.0015896819695329794,
    "q75": 0.014111051730195273,
    "q95": 0.02998502440563965
  },
  "frac_b_loss_neg": 0.8926842780200052,
  "frac_b_acc_pos": 0.8782703257245448,
  "xrange_median": 1.9459101490553135,
  "se_loss_median": 0.14396374772498494,
  "se_acc_median": 0.0026165398060562844,
  "noise_by_n": [
    {
      "bucket": "n=5",
      "cells": 148371,
      "se_loss_median": 0.1739963848835366,
      "sd_b_loss": 0.4595816663411061,
      "sd_b_acc": 0.013802249783829894,
      "se_acc_median": 0.002819468578716876
    },
    {
      "bucket": "n=6-7",
      "cells": 157327,
      "se_loss_median": 0.15431801257439542,
      "sd_b_loss": 0.4022607357578589,
      "sd_b_acc": 0.012514658468983171,
      "se_acc_median": 0.0027392317485550608
    },
    {
      "bucket": "n=8-10",
      "cells": 98314,
      "se_loss_median": 0.13262722863009288,
      "sd_b_loss": 0.3571298991698744,
      "sd_b_acc": 0.011728878048561498,
      "se_acc_median": 0.002581594543838093
    },
    {
      "bucket": "n=11-15",
      "cells": 54056,
      "se_loss_median": 0.11332596109195128,
      "sd_b_loss": 0.32861628209196225,
      "sd_b_acc": 0.011188933166900812,
      "se_acc_median": 0.00238455958807713
    },
    {
      "bucket": "n=16-25",
      "cells": 23133,
      "se_loss_median": 0.0959735308221546,
      "sd_b_loss": 0.3143407642538661,
      "sd_b_acc": 0.011326284713286498,
      "se_acc_median": 0.0021526922996545393
    },
    {
      "bucket": "n>=26",
      "cells": 6174,
      "se_loss_median": 0.07871403578677341,
      "sd_b_loss": 0.32050463023329856,
      "sd_b_acc": 0.012215631572510736,
      "se_acc_median": 0.0017933209510391135
    }
  ],
  "decomposition": [
    {
      "label": "b_loss (all)",
      "n_cells": 487375,
      "total_var": 0.16027091231940985,
      "sd": 0.40033849717384146,
      "var_player": 0.03150785359251353,
      "var_chart": 0.011230344674463686,
      "var_resid_incl_noise": 0.11753271405243262,
      "var_noise": 0.06685466561571875,
      "var_resid_excl_noise": 0.05067804843671388,
      "pairs_player": 37017074,
      "pairs_chart": 87557747,
      "share_player": 0.19659121631329057,
      "share_chart": 0.07007100984165059,
      "share_noise": 0.4171353656643671,
      "share_resid": 0.3162024081806917,
      "reliability": 0.5828646343356328
    },
    {
      "label": "b_acc (all)",
      "n_cells": 487375,
      "total_var": 0.0001588369215654012,
      "sd": 0.01260305207342258,
      "var_player": 2.895224844393062e-05,
      "var_chart": 1.1868108098590682e-05,
      "var_resid_incl_noise": 0.00011801656502287991,
      "var_noise": 3.3991662863384625e-05,
      "var_resid_excl_noise": 8.402490215949528e-05,
      "pairs_player": 37017074,
      "pairs_chart": 87557747,
      "share_player": 0.18227656491069372,
      "share_chart": 0.07471882470162318,
      "share_noise": 0.21400353600651054,
      "share_resid": 0.5290010743811726,
      "reliability": 0.7859964639934894
    },
    {
      "label": "b_loss (n>=8)",
      "n_cells": 181677,
      "total_var": 0.11729358872750063,
      "sd": 0.34248151589173487,
      "var_player": 0.03323951820075004,
      "var_chart": 0.010552282668117858,
      "var_resid_incl_noise": 0.07350178785863273,
      "var_noise": 0.03698435020499849,
      "var_resid_excl_noise": 0.036517437653634244,
      "pairs_player": 7011138,
      "pairs_chart": 17848593,
      "share_player": 0.28338734078614397,
      "share_chart": 0.08996470124750963,
      "share_noise": 0.31531433734985675,
      "share_resid": 0.3113336206164896,
      "reliability": 0.6846856626501433
    },
    {
      "label": "b_acc (n>=8)",
      "n_cells": 181677,
      "total_var": 0.00013371256040189497,
      "sd": 0.011563414737952409,
      "var_player": 3.3927483802548996e-05,
      "var_chart": 1.3442215074112585e-05,
      "var_resid_incl_noise": 8.634286152523339e-05,
      "var_noise": 2.075657325952906e-05,
      "var_resid_excl_noise": 6.558628826570434e-05,
      "pairs_player": 7011138,
      "pairs_chart": 17848593,
      "share_player": 0.25373445621394425,
      "share_chart": 0.10053068338314523,
      "share_noise": 0.15523278588893805,
      "share_resid": 0.4905020745139725,
      "reliability": 0.8447672141110619
    },
    {
      "label": "b_loss (n>=12)",
      "n_cells": 66326,
      "total_var": 0.10270043663187853,
      "sd": 0.3204690884186469,
      "var_player": 0.03638396205192097,
      "var_chart": 0.01038914262013059,
      "var_resid_incl_noise": 0.055927331959826965,
      "var_noise": 0.024164216500494422,
      "var_resid_excl_noise": 0.03176311545933254,
      "pairs_player": 1337273,
      "pairs_chart": 3417149,
      "share_player": 0.3542727104689571,
      "share_chart": 0.10115967332611873,
      "share_noise": 0.23528835215286492,
      "share_resid": 0.30927926405205924,
      "reliability": 0.7647116478471351
    },
    {
      "label": "b_acc (n>=12)",
      "n_cells": 66326,
      "total_var": 0.000128051906669918,
      "sd": 0.01131600223886148,
      "var_player": 4.174391570363888e-05,
      "var_chart": 1.7932014459254754e-05,
      "var_resid_incl_noise": 6.837597650702438e-05,
      "var_noise": 1.4916414109292732e-05,
      "var_resid_excl_noise": 5.345956239773165e-05,
      "pairs_player": 1337273,
      "pairs_chart": 3417149,
      "share_player": 0.32599214482017064,
      "share_chart": 0.14003707500801588,
      "share_noise": 0.11648724722032508,
      "share_resid": 0.41748353295148855,
      "reliability": 0.8835127527796749
    }
  ],
  "b_loss_vs_acc_level": {
    "n": 487375,
    "slope_on_log1over1mACC": -0.006650538941677492,
    "intercept": -0.3501682415452557,
    "r2": 0.0005373749070265443,
    "corr": -0.023181348257305792
  },
  "corr_b_loss_b_acc": -0.4706298492345686,
  "corr_b_loss_star": 0.09357267895719608,
  "corr_b_acc_star": 0.08938377684761509,
  "corr_b_loss_meanacc": -0.10962436703103348,
  "corr_b_loss_span": -0.0954178301281737,
  "meta_r2": {
    "star_only": {
      "n": 487375,
      "r2": 0.008755846247226251,
      "coef": {
        "star": 0.02858814141398747
      }
    },
    "meta": {
      "n": 487375,
      "r2": 0.011573204594241937,
      "coef": {
        "star": 0.03009955527514656,
        "rate": 0.048181496681595264,
        "log_notes": -0.00888943983344262
      }
    },
    "meta+level": {
      "n": 487375,
      "r2": 0.017801295184359023,
      "coef": {
        "star": 0.02254871243280045,
        "rate": 0.03822450428113228,
        "log_notes": -0.008667968035614412,
        "mean_acc": -1.4971007871444109
      }
    },
    "meta+level+attempts": {
      "n": 487375,
      "r2": 0.01936874850764847,
      "coef": {
        "star": 0.02380228187109025,
        "rate": 0.04259565063560741,
        "log_notes": -0.008519643408473786,
        "mean_acc": -1.4641654811198885,
        "log_attempts": -0.02003974071104933
      }
    }
  },
  "by_chart": {
    "charts": 6354,
    "b_loss_mean_sd": 0.14152800997893789,
    "b_acc_mean_sd_x100": 0.4564674558376225,
    "q05_b_loss": -0.6402427533304426,
    "q95_b_loss": -0.18780110497245764,
    "corr_mean_b_loss_star": 0.3065071386878446,
    "corr_mean_b_loss_n_med": -0.05116311855501905
  },
  "by_player": {
    "players": 5881,
    "b_loss_mean_sd": 0.1809035974629414,
    "b_acc_mean_sd_x100": 0.5693085928949877,
    "q05_b_loss": -0.6296785640185874,
    "q95_b_loss": -0.04770575225878544,
    "corr_mean_b_loss_meanacc": -0.019740948268478848,
    "corr_mean_b_acc_meanacc": -0.6301364269999361
  }
}
