
===== --d-constraint simplex --wd 0 --epochs 60 =====
engine: torch 2.13.0+cpu on cpu, threads=6, deterministic_algorithms=True
mechanism: p_drift=none (P_eff = P + Pc*ln(playcount_cur))  d_constraint=simplex
[step1] step1_1k.parquet: 964,417 rows, 990 players, 20,376 beatmaps
[step0] step0_1k.csv: 1,399,615 rows, 990 players, 20,655 beatmaps
pair universe = step0: 866,616 ordered pairs -> test 259,500 (29.94%)
train plays = 674,436 (step1)   test plays = 420,401 (step0)   test pairs' step1 rows = 289,981
  [check] PASS  pair_never_crosses_split: 0 ordered pairs on both sides (train 404,944 / test 259,500 unique pairs)
  [check] PASS  train_and_test_disjoint: train rows on a held-out pair = 0; test rows on a held-out pair = 420,401/420,401
  [check] PASS  test_pair_frac: 29.9441% vs target 30.00% (tolerance 1%)
train vocab: 987 entities, 19,636 items
train rows in vocab = 674,436/674,436   test rows covered = 418,856/420,401 (99.63%)
  [check] PASS  loss_in_range: test(1k) loss in [-12.4092, -0.3365], expected [-12.4663, -0.2669]
  [check] PASS  vocab_from_train_only: 987 entities / 19,636 items == unique train ids
  [check] PASS  determinism_selftest: same seed -> bitwise identical parameters on a synthetic training path
  [mirt] epoch  20  test RMSE(step0) = 1.50326  (15.5s)
  [mirt] epoch  40  test RMSE(step0) = 1.53093  (30.3s)
  [mirt] epoch  60  test RMSE(step0) = 1.55322  (45.2s)
mirt     step0 rmse=1.55322 cov=0.996
  [check] PASS  coverage_reported: 2 result blocks carry coverage + n_scored
  [check] PASS  no_test_leak: training rows used = 674,436; of those on a held-out pair = 0; test tensors never enter the optimiser
  [check] PASS  npz_matches_summary: mirt:ok
  [check] PASS  d_constraint_holds: mirt: D>=0, max|sum_i D_i - 1| = 2.38e-07

wrote npz per model + step2_probe_1k_summary_loss.json (52.0s total)
{
  "mirt|step0": {
    "n_scored": 418856,
    "coverage": 0.996325,
    "rmse": 1.553218,
    "mae": 1.08212,
    "spearman": 0.742208,
    "pp_p50": 0.260801,
    "pp_p90": 2.750725,
    "pp_mean": 1.052665,
    "pp_gt1_frac": 0.264661,
    "pp_gt5_frac": 0.03744
  },
  "mirt|step1": {
    "n_scored": 288833,
    "coverage": 0.996041,
    "rmse": 1.070437,
    "mae": 0.769794,
    "spearman": 0.875029,
    "pp_p50": 0.163121,
    "pp_p90": 1.70391,
    "pp_mean": 0.631182,
    "pp_gt1_frac": 0.180378,
    "pp_gt5_frac": 0.012499
  }
}

===== --d-constraint simplex --wd 0 --p-drift logpc --epochs 60 =====
engine: torch 2.13.0+cpu on cpu, threads=6, deterministic_algorithms=True
mechanism: p_drift=logpc (P_eff = P + Pc*ln(playcount_cur))  d_constraint=simplex
[step1] step1_1k.parquet: 964,417 rows, 990 players, 20,376 beatmaps
[step0] step0_1k.csv: 1,399,615 rows, 990 players, 20,655 beatmaps
pair universe = step0: 866,616 ordered pairs -> test 259,500 (29.94%)
train plays = 674,436 (step1)   test plays = 420,401 (step0)   test pairs' step1 rows = 289,981
  [check] PASS  pair_never_crosses_split: 0 ordered pairs on both sides (train 404,944 / test 259,500 unique pairs)
  [check] PASS  train_and_test_disjoint: train rows on a held-out pair = 0; test rows on a held-out pair = 420,401/420,401
  [check] PASS  test_pair_frac: 29.9441% vs target 30.00% (tolerance 1%)
train vocab: 987 entities, 19,636 items
train rows in vocab = 674,436/674,436   test rows covered = 418,856/420,401 (99.63%)
  [check] PASS  loss_in_range: test(1k) loss in [-12.4092, -0.3365], expected [-12.4663, -0.2669]
  [check] PASS  vocab_from_train_only: 987 entities / 19,636 items == unique train ids
  [check] PASS  determinism_selftest: same seed -> bitwise identical parameters on a synthetic training path
  [mirt] epoch  20  test RMSE(step0) = 1.46869  (17.8s)
  [mirt] epoch  40  test RMSE(step0) = 1.50530  (33.4s)
  [mirt] epoch  60  test RMSE(step0) = 1.52843  (50.5s)
mirt     step0 rmse=1.52843 cov=0.996
  [check] PASS  coverage_reported: 2 result blocks carry coverage + n_scored
  [check] PASS  no_test_leak: training rows used = 674,436; of those on a held-out pair = 0; test tensors never enter the optimiser
  [check] PASS  npz_matches_summary: mirt:ok
  [check] PASS  d_constraint_holds: mirt: D>=0, max|sum_i D_i - 1| = 2.38e-07

wrote npz per model + step2_probe_1k_summary_loss.json (57.1s total)
{
  "mirt|step0": {
    "n_scored": 418856,
    "coverage": 0.996325,
    "rmse": 1.528426,
    "mae": 1.060081,
    "spearman": 0.753593,
    "pp_p50": 0.252703,
    "pp_p90": 2.713988,
    "pp_mean": 1.084483,
    "pp_gt1_frac": 0.259655,
    "pp_gt5_frac": 0.036853
  },
  "mirt|step1": {
    "n_scored": 288833,
    "coverage": 0.996041,
    "rmse": 1.083786,
    "mae": 0.776046,
    "spearman": 0.87433,
    "pp_p50": 0.160577,
    "pp_p90": 1.703188,
    "pp_mean": 0.673223,
    "pp_gt1_frac": 0.179114,
    "pp_gt5_frac": 0.013413
  }
}

===== --d-constraint simplex --wd 1e-6 --epochs 60 =====
engine: torch 2.13.0+cpu on cpu, threads=6, deterministic_algorithms=True
mechanism: p_drift=none (P_eff = P + Pc*ln(playcount_cur))  d_constraint=simplex
[step1] step1_1k.parquet: 964,417 rows, 990 players, 20,376 beatmaps
[step0] step0_1k.csv: 1,399,615 rows, 990 players, 20,655 beatmaps
pair universe = step0: 866,616 ordered pairs -> test 259,500 (29.94%)
train plays = 674,436 (step1)   test plays = 420,401 (step0)   test pairs' step1 rows = 289,981
  [check] PASS  pair_never_crosses_split: 0 ordered pairs on both sides (train 404,944 / test 259,500 unique pairs)
  [check] PASS  train_and_test_disjoint: train rows on a held-out pair = 0; test rows on a held-out pair = 420,401/420,401
  [check] PASS  test_pair_frac: 29.9441% vs target 30.00% (tolerance 1%)
train vocab: 987 entities, 19,636 items
train rows in vocab = 674,436/674,436   test rows covered = 418,856/420,401 (99.63%)
  [check] PASS  loss_in_range: test(1k) loss in [-12.4092, -0.3365], expected [-12.4663, -0.2669]
  [check] PASS  vocab_from_train_only: 987 entities / 19,636 items == unique train ids
  [check] PASS  determinism_selftest: same seed -> bitwise identical parameters on a synthetic training path
  [mirt] epoch  20  test RMSE(step0) = 1.47823  (17.7s)
  [mirt] epoch  40  test RMSE(step0) = 1.49246  (34.1s)
  [mirt] epoch  60  test RMSE(step0) = 1.49992  (50.1s)
mirt     step0 rmse=1.49992 cov=0.996
  [check] PASS  coverage_reported: 2 result blocks carry coverage + n_scored
  [check] PASS  no_test_leak: training rows used = 674,436; of those on a held-out pair = 0; test tensors never enter the optimiser
  [check] PASS  npz_matches_summary: mirt:ok
  [check] PASS  d_constraint_holds: mirt: D>=0, max|sum_i D_i - 1| = 2.38e-07

wrote npz per model + step2_probe_1k_summary_loss.json (56.6s total)
{
  "mirt|step0": {
    "n_scored": 418856,
    "coverage": 0.996325,
    "rmse": 1.499925,
    "mae": 1.045162,
    "spearman": 0.757388,
    "pp_p50": 0.245352,
    "pp_p90": 2.695298,
    "pp_mean": 0.998768,
    "pp_gt1_frac": 0.258886,
    "pp_gt5_frac": 0.035735
  },
  "mirt|step1": {
    "n_scored": 288833,
    "coverage": 0.996041,
    "rmse": 1.001437,
    "mae": 0.725909,
    "spearman": 0.887979,
    "pp_p50": 0.151069,
    "pp_p90": 1.611928,
    "pp_mean": 0.56534,
    "pp_gt1_frac": 0.1713,
    "pp_gt5_frac": 0.009677
  }
}

ALL_DONE
Sun Oct  4 03:26:16 PM CST 2026
