
===== --d-constraint simplex --epochs 60 =====
engine: torch 2.13.0+cpu on cpu, threads=6, deterministic_algorithms=True
mechanism: p_drift=none (P_eff = P + Pc*ln(playcount_cur))  d_constraint=simplex  d_logit_wd=0
[step1] step1_1k.parquet: 964,417 rows, 990 players, 20,376 beatmaps
[step0] step0_1k.csv: 1,399,615 rows, 990 players, 20,655 beatmaps
pair universe = step0: 866,616 ordered pairs -> test 259,500 (29.94%)
train plays = 674,436 (step1)   test plays = 420,401 (step0)   test pairs' step1 rows = 289,981
  [check] PASS  pair_never_crosses_split: 0 ordered pairs on both sides (train 404,944 / test 259,500 unique pairs)
  [check] PASS  train_and_test_disjoint: train rows on a held-out pair = 0; test rows on a held-out pair = 420,401/420,401
  [check] PASS  test_pair_frac: 29.9441% vs target 30.00% (tolerance 1%)
train vocab: 987 entities, 19,636 items
train rows in vocab = 674,436/674,436   test rows covered = 418,856/420,401 (99.63%)
  [check] PASS  loss_in_range: test(1k) loss in [-12.4092, -0.3365], expected [-12.4663, -0.2669]
  [check] PASS  vocab_from_train_only: 987 entities / 19,636 items == unique train ids
  [check] PASS  determinism_selftest: same seed -> bitwise identical parameters on a synthetic training path
  [mirt] epoch  20  test RMSE(step0) = 1.47488  (13.6s)
  [mirt] epoch  40  test RMSE(step0) = 1.47657  (26.8s)
  [mirt] epoch  60  test RMSE(step0) = 1.47228  (39.6s)
mirt     step0 rmse=1.47228 cov=0.996
  [check] PASS  coverage_reported: 2 result blocks carry coverage + n_scored
  [check] PASS  no_test_leak: training rows used = 674,436; of those on a held-out pair = 0; test tensors never enter the optimiser
  [check] PASS  npz_matches_summary: mirt:ok
  [check] PASS  d_constraint_holds: mirt: D>=0, max|sum_i D_i - 1| = 2.38e-07

wrote npz per model + step2_1k_summary_loss.json (45.7s total)
{
  "mirt|step0": {
    "n_scored": 418856,
    "coverage": 0.996325,
    "rmse": 1.472281,
    "mae": 1.075779,
    "spearman": 0.753717,
    "pp_p50": 0.25362,
    "pp_p90": 2.992371,
    "pp_mean": 1.074085,
    "pp_gt1_frac": 0.274049,
    "pp_gt5_frac": 0.041983
  },
  "mirt|step1": {
    "n_scored": 288833,
    "coverage": 0.996041,
    "rmse": 1.041023,
    "mae": 0.785788,
    "spearman": 0.877007,
    "pp_p50": 0.156732,
    "pp_p90": 1.895995,
    "pp_mean": 0.632978,
    "pp_gt1_frac": 0.189771,
    "pp_gt5_frac": 0.014766
  }
}

===== --d-constraint simplex --p-drift logpc --epochs 60 =====
engine: torch 2.13.0+cpu on cpu, threads=6, deterministic_algorithms=True
mechanism: p_drift=logpc (P_eff = P + Pc*ln(playcount_cur))  d_constraint=simplex  d_logit_wd=0
[step1] step1_1k.parquet: 964,417 rows, 990 players, 20,376 beatmaps
[step0] step0_1k.csv: 1,399,615 rows, 990 players, 20,655 beatmaps
pair universe = step0: 866,616 ordered pairs -> test 259,500 (29.94%)
train plays = 674,436 (step1)   test plays = 420,401 (step0)   test pairs' step1 rows = 289,981
  [check] PASS  pair_never_crosses_split: 0 ordered pairs on both sides (train 404,944 / test 259,500 unique pairs)
  [check] PASS  train_and_test_disjoint: train rows on a held-out pair = 0; test rows on a held-out pair = 420,401/420,401
  [check] PASS  test_pair_frac: 29.9441% vs target 30.00% (tolerance 1%)
train vocab: 987 entities, 19,636 items
train rows in vocab = 674,436/674,436   test rows covered = 418,856/420,401 (99.63%)
  [check] PASS  loss_in_range: test(1k) loss in [-12.4092, -0.3365], expected [-12.4663, -0.2669]
  [check] PASS  vocab_from_train_only: 987 entities / 19,636 items == unique train ids
  [check] PASS  determinism_selftest: same seed -> bitwise identical parameters on a synthetic training path
  [mirt] epoch  20  test RMSE(step0) = 1.44083  (15.5s)
  [mirt] epoch  40  test RMSE(step0) = 1.44402  (30.0s)
  [mirt] epoch  60  test RMSE(step0) = 1.43847  (44.0s)
mirt     step0 rmse=1.43847 cov=0.996
  [check] PASS  coverage_reported: 2 result blocks carry coverage + n_scored
  [check] PASS  no_test_leak: training rows used = 674,436; of those on a held-out pair = 0; test tensors never enter the optimiser
  [check] PASS  npz_matches_summary: mirt:ok
  [check] PASS  d_constraint_holds: mirt: D>=0, max|sum_i D_i - 1| = 2.98e-07

wrote npz per model + step2_1k_summary_loss.json (49.8s total)
{
  "mirt|step0": {
    "n_scored": 418856,
    "coverage": 0.996325,
    "rmse": 1.438468,
    "mae": 1.042952,
    "spearman": 0.765139,
    "pp_p50": 0.244883,
    "pp_p90": 2.902042,
    "pp_mean": 1.044728,
    "pp_gt1_frac": 0.26638,
    "pp_gt5_frac": 0.040255
  },
  "mirt|step1": {
    "n_scored": 288833,
    "coverage": 0.996041,
    "rmse": 1.017693,
    "mae": 0.76289,
    "spearman": 0.88296,
    "pp_p50": 0.151837,
    "pp_p90": 1.79936,
    "pp_mean": 0.605814,
    "pp_gt1_frac": 0.181205,
    "pp_gt5_frac": 0.013347
  }
}

ALL_DONE
Sun Oct  4 03:42:28 PM CST 2026
