
===== --d-constraint nonneg --wd 1e-5 --epochs 60 =====
engine: torch 2.13.0+cpu on cpu, threads=6, deterministic_algorithms=True
mechanism: p_drift=none (P_eff = P + Pc*ln(playcount_cur))  d_constraint=nonneg
[step1] step1_1k.parquet: 964,417 rows, 990 players, 20,376 beatmaps
[step0] step0_1k.csv: 1,399,615 rows, 990 players, 20,655 beatmaps
pair universe = step0: 866,616 ordered pairs -> test 259,500 (29.94%)
train plays = 674,436 (step1)   test plays = 420,401 (step0)   test pairs' step1 rows = 289,981
  [check] PASS  pair_never_crosses_split: 0 ordered pairs on both sides (train 404,944 / test 259,500 unique pairs)
  [check] PASS  train_and_test_disjoint: train rows on a held-out pair = 0; test rows on a held-out pair = 420,401/420,401
  [check] PASS  test_pair_frac: 29.9441% vs target 30.00% (tolerance 1%)
train vocab: 987 entities, 19,636 items
train rows in vocab = 674,436/674,436   test rows covered = 418,856/420,401 (99.63%)
  [check] PASS  loss_in_range: test(1k) loss in [-12.4092, -0.3365], expected [-12.4663, -0.2669]
  [check] PASS  vocab_from_train_only: 987 entities / 19,636 items == unique train ids
  [check] PASS  determinism_selftest: same seed -> bitwise identical parameters on a synthetic training path
  [mirt] epoch  20  test RMSE(step0) = 1.54513  (15.8s)
  [mirt] epoch  40  test RMSE(step0) = 1.55012  (31.6s)
  [mirt] epoch  60  test RMSE(step0) = 1.54682  (47.8s)
mirt     step0 rmse=1.54682 cov=0.996
  [check] PASS  coverage_reported: 2 result blocks carry coverage + n_scored
  [check] PASS  no_test_leak: training rows used = 674,436; of those on a held-out pair = 0; test tensors never enter the optimiser
  [check] PASS  npz_matches_summary: mirt:ok
  [check] PASS  d_constraint_holds: mirt: D>0, min D = 1.493e-01

wrote npz per model + step2_probe_1k_summary_loss.json (54.4s total)
{
  "mirt|step0": {
    "n_scored": 418856,
    "coverage": 0.996325,
    "rmse": 1.546824,
    "mae": 1.095804,
    "spearman": 0.743971,
    "pp_p50": 0.259878,
    "pp_p90": 2.821246,
    "pp_mean": 1.039511,
    "pp_gt1_frac": 0.269455,
    "pp_gt5_frac": 0.037977
  },
  "mirt|step1": {
    "n_scored": 288833,
    "coverage": 0.996041,
    "rmse": 1.05856,
    "mae": 0.781656,
    "spearman": 0.876353,
    "pp_p50": 0.162033,
    "pp_p90": 1.786507,
    "pp_mean": 0.624144,
    "pp_gt1_frac": 0.186561,
    "pp_gt5_frac": 0.012654
  }
}

===== --d-constraint nonneg --wd 3e-5 --epochs 60 =====
engine: torch 2.13.0+cpu on cpu, threads=6, deterministic_algorithms=True
mechanism: p_drift=none (P_eff = P + Pc*ln(playcount_cur))  d_constraint=nonneg
[step1] step1_1k.parquet: 964,417 rows, 990 players, 20,376 beatmaps
[step0] step0_1k.csv: 1,399,615 rows, 990 players, 20,655 beatmaps
pair universe = step0: 866,616 ordered pairs -> test 259,500 (29.94%)
train plays = 674,436 (step1)   test plays = 420,401 (step0)   test pairs' step1 rows = 289,981
  [check] PASS  pair_never_crosses_split: 0 ordered pairs on both sides (train 404,944 / test 259,500 unique pairs)
  [check] PASS  train_and_test_disjoint: train rows on a held-out pair = 0; test rows on a held-out pair = 420,401/420,401
  [check] PASS  test_pair_frac: 29.9441% vs target 30.00% (tolerance 1%)
train vocab: 987 entities, 19,636 items
train rows in vocab = 674,436/674,436   test rows covered = 418,856/420,401 (99.63%)
  [check] PASS  loss_in_range: test(1k) loss in [-12.4092, -0.3365], expected [-12.4663, -0.2669]
  [check] PASS  vocab_from_train_only: 987 entities / 19,636 items == unique train ids
  [check] PASS  determinism_selftest: same seed -> bitwise identical parameters on a synthetic training path
  [mirt] epoch  20  test RMSE(step0) = 1.53116  (17.7s)
  [mirt] epoch  40  test RMSE(step0) = 1.52766  (33.8s)
  [mirt] epoch  60  test RMSE(step0) = 1.52312  (50.1s)
mirt     step0 rmse=1.52312 cov=0.996
  [check] PASS  coverage_reported: 2 result blocks carry coverage + n_scored
  [check] PASS  no_test_leak: training rows used = 674,436; of those on a held-out pair = 0; test tensors never enter the optimiser
  [check] PASS  npz_matches_summary: mirt:ok
  [check] PASS  d_constraint_holds: mirt: D>0, min D = 2.465e-01

wrote npz per model + step2_probe_1k_summary_loss.json (56.6s total)
{
  "mirt|step0": {
    "n_scored": 418856,
    "coverage": 0.996325,
    "rmse": 1.52312,
    "mae": 1.08698,
    "spearman": 0.747469,
    "pp_p50": 0.254756,
    "pp_p90": 2.844482,
    "pp_mean": 1.041669,
    "pp_gt1_frac": 0.269575,
    "pp_gt5_frac": 0.038309
  },
  "mirt|step1": {
    "n_scored": 288833,
    "coverage": 0.996041,
    "rmse": 1.040846,
    "mae": 0.773692,
    "spearman": 0.878822,
    "pp_p50": 0.15744,
    "pp_p90": 1.776041,
    "pp_mean": 0.614588,
    "pp_gt1_frac": 0.184951,
    "pp_gt5_frac": 0.012197
  }
}

===== --d-constraint nonneg --wd 1e-5 --p-drift logpc --epochs 60 =====
engine: torch 2.13.0+cpu on cpu, threads=6, deterministic_algorithms=True
mechanism: p_drift=logpc (P_eff = P + Pc*ln(playcount_cur))  d_constraint=nonneg
[step1] step1_1k.parquet: 964,417 rows, 990 players, 20,376 beatmaps
[step0] step0_1k.csv: 1,399,615 rows, 990 players, 20,655 beatmaps
pair universe = step0: 866,616 ordered pairs -> test 259,500 (29.94%)
train plays = 674,436 (step1)   test plays = 420,401 (step0)   test pairs' step1 rows = 289,981
  [check] PASS  pair_never_crosses_split: 0 ordered pairs on both sides (train 404,944 / test 259,500 unique pairs)
  [check] PASS  train_and_test_disjoint: train rows on a held-out pair = 0; test rows on a held-out pair = 420,401/420,401
  [check] PASS  test_pair_frac: 29.9441% vs target 30.00% (tolerance 1%)
train vocab: 987 entities, 19,636 items
train rows in vocab = 674,436/674,436   test rows covered = 418,856/420,401 (99.63%)
  [check] PASS  loss_in_range: test(1k) loss in [-12.4092, -0.3365], expected [-12.4663, -0.2669]
  [check] PASS  vocab_from_train_only: 987 entities / 19,636 items == unique train ids
  [check] PASS  determinism_selftest: same seed -> bitwise identical parameters on a synthetic training path
  [mirt] epoch  20  test RMSE(step0) = 1.51205  (19.9s)
  [mirt] epoch  40  test RMSE(step0) = 1.51604  (38.5s)
  [mirt] epoch  60  test RMSE(step0) = 1.51935  (57.7s)
mirt     step0 rmse=1.51935 cov=0.996
  [check] PASS  coverage_reported: 2 result blocks carry coverage + n_scored
  [check] PASS  no_test_leak: training rows used = 674,436; of those on a held-out pair = 0; test tensors never enter the optimiser
  [check] PASS  npz_matches_summary: mirt:ok
  [check] PASS  d_constraint_holds: mirt: D>0, min D = 1.457e-01

wrote npz per model + step2_probe_1k_summary_loss.json (64.1s total)
{
  "mirt|step0": {
    "n_scored": 418856,
    "coverage": 0.996325,
    "rmse": 1.519346,
    "mae": 1.07353,
    "spearman": 0.755734,
    "pp_p50": 0.25218,
    "pp_p90": 2.786053,
    "pp_mean": 1.038083,
    "pp_gt1_frac": 0.265516,
    "pp_gt5_frac": 0.037762
  },
  "mirt|step1": {
    "n_scored": 288833,
    "coverage": 0.996041,
    "rmse": 1.063871,
    "mae": 0.784052,
    "spearman": 0.877036,
    "pp_p50": 0.158155,
    "pp_p90": 1.787665,
    "pp_mean": 0.642891,
    "pp_gt1_frac": 0.185685,
    "pp_gt5_frac": 0.013762
  }
}

===== --d-constraint simplex --wd 1e-4 --d-logit-wd 0 --epochs 60 =====
engine: torch 2.13.0+cpu on cpu, threads=6, deterministic_algorithms=True
mechanism: p_drift=none (P_eff = P + Pc*ln(playcount_cur))  d_constraint=simplex
[step1] step1_1k.parquet: 964,417 rows, 990 players, 20,376 beatmaps
[step0] step0_1k.csv: 1,399,615 rows, 990 players, 20,655 beatmaps
pair universe = step0: 866,616 ordered pairs -> test 259,500 (29.94%)
train plays = 674,436 (step1)   test plays = 420,401 (step0)   test pairs' step1 rows = 289,981
  [check] PASS  pair_never_crosses_split: 0 ordered pairs on both sides (train 404,944 / test 259,500 unique pairs)
  [check] PASS  train_and_test_disjoint: train rows on a held-out pair = 0; test rows on a held-out pair = 420,401/420,401
  [check] PASS  test_pair_frac: 29.9441% vs target 30.00% (tolerance 1%)
train vocab: 987 entities, 19,636 items
train rows in vocab = 674,436/674,436   test rows covered = 418,856/420,401 (99.63%)
  [check] PASS  loss_in_range: test(1k) loss in [-12.4092, -0.3365], expected [-12.4663, -0.2669]
  [check] PASS  vocab_from_train_only: 987 entities / 19,636 items == unique train ids
  [check] PASS  determinism_selftest: same seed -> bitwise identical parameters on a synthetic training path
  [mirt] epoch  20  test RMSE(step0) = 1.47488  (16.0s)
  [mirt] epoch  40  test RMSE(step0) = 1.47657  (30.3s)
  [mirt] epoch  60  test RMSE(step0) = 1.47228  (44.6s)
mirt     step0 rmse=1.47228 cov=0.996
  [check] PASS  coverage_reported: 2 result blocks carry coverage + n_scored
  [check] PASS  no_test_leak: training rows used = 674,436; of those on a held-out pair = 0; test tensors never enter the optimiser
  [check] PASS  npz_matches_summary: mirt:ok
  [check] PASS  d_constraint_holds: mirt: D>=0, max|sum_i D_i - 1| = 2.38e-07

wrote npz per model + step2_probe_1k_summary_loss.json (50.6s total)
{
  "mirt|step0": {
    "n_scored": 418856,
    "coverage": 0.996325,
    "rmse": 1.472281,
    "mae": 1.075779,
    "spearman": 0.753717,
    "pp_p50": 0.25362,
    "pp_p90": 2.992371,
    "pp_mean": 1.074085,
    "pp_gt1_frac": 0.274049,
    "pp_gt5_frac": 0.041983
  },
  "mirt|step1": {
    "n_scored": 288833,
    "coverage": 0.996041,
    "rmse": 1.041023,
    "mae": 0.785788,
    "spearman": 0.877007,
    "pp_p50": 0.156732,
    "pp_p90": 1.895995,
    "pp_mean": 0.632978,
    "pp_gt1_frac": 0.189771,
    "pp_gt5_frac": 0.014766
  }
}

===== --d-constraint simplex --wd 1e-4 --d-logit-wd 0 --p-drift logpc --epochs 60 =====
engine: torch 2.13.0+cpu on cpu, threads=6, deterministic_algorithms=True
mechanism: p_drift=logpc (P_eff = P + Pc*ln(playcount_cur))  d_constraint=simplex
[step1] step1_1k.parquet: 964,417 rows, 990 players, 20,376 beatmaps
[step0] step0_1k.csv: 1,399,615 rows, 990 players, 20,655 beatmaps
pair universe = step0: 866,616 ordered pairs -> test 259,500 (29.94%)
train plays = 674,436 (step1)   test plays = 420,401 (step0)   test pairs' step1 rows = 289,981
  [check] PASS  pair_never_crosses_split: 0 ordered pairs on both sides (train 404,944 / test 259,500 unique pairs)
  [check] PASS  train_and_test_disjoint: train rows on a held-out pair = 0; test rows on a held-out pair = 420,401/420,401
  [check] PASS  test_pair_frac: 29.9441% vs target 30.00% (tolerance 1%)
train vocab: 987 entities, 19,636 items
train rows in vocab = 674,436/674,436   test rows covered = 418,856/420,401 (99.63%)
  [check] PASS  loss_in_range: test(1k) loss in [-12.4092, -0.3365], expected [-12.4663, -0.2669]
  [check] PASS  vocab_from_train_only: 987 entities / 19,636 items == unique train ids
  [check] PASS  determinism_selftest: same seed -> bitwise identical parameters on a synthetic training path
  [mirt] epoch  20  test RMSE(step0) = 1.44083  (16.7s)
  [mirt] epoch  40  test RMSE(step0) = 1.44402  (32.9s)
  [mirt] epoch  60  test RMSE(step0) = 1.43847  (48.8s)
mirt     step0 rmse=1.43847 cov=0.996
  [check] PASS  coverage_reported: 2 result blocks carry coverage + n_scored
  [check] PASS  no_test_leak: training rows used = 674,436; of those on a held-out pair = 0; test tensors never enter the optimiser
  [check] PASS  npz_matches_summary: mirt:ok
  [check] PASS  d_constraint_holds: mirt: D>=0, max|sum_i D_i - 1| = 2.98e-07

wrote npz per model + step2_probe_1k_summary_loss.json (55.0s total)
{
  "mirt|step0": {
    "n_scored": 418856,
    "coverage": 0.996325,
    "rmse": 1.438468,
    "mae": 1.042952,
    "spearman": 0.765139,
    "pp_p50": 0.244883,
    "pp_p90": 2.902042,
    "pp_mean": 1.044728,
    "pp_gt1_frac": 0.26638,
    "pp_gt5_frac": 0.040255
  },
  "mirt|step1": {
    "n_scored": 288833,
    "coverage": 0.996041,
    "rmse": 1.017693,
    "mae": 0.76289,
    "spearman": 0.88296,
    "pp_p50": 0.151837,
    "pp_p90": 1.79936,
    "pp_mean": 0.605814,
    "pp_gt1_frac": 0.181205,
    "pp_gt5_frac": 0.013347
  }
}

===== --d-constraint nonneg --wd 1e-4 --d-logit-wd 0 --epochs 60 =====
engine: torch 2.13.0+cpu on cpu, threads=6, deterministic_algorithms=True
mechanism: p_drift=none (P_eff = P + Pc*ln(playcount_cur))  d_constraint=nonneg
[step1] step1_1k.parquet: 964,417 rows, 990 players, 20,376 beatmaps
[step0] step0_1k.csv: 1,399,615 rows, 990 players, 20,655 beatmaps
pair universe = step0: 866,616 ordered pairs -> test 259,500 (29.94%)
train plays = 674,436 (step1)   test plays = 420,401 (step0)   test pairs' step1 rows = 289,981
  [check] PASS  pair_never_crosses_split: 0 ordered pairs on both sides (train 404,944 / test 259,500 unique pairs)
  [check] PASS  train_and_test_disjoint: train rows on a held-out pair = 0; test rows on a held-out pair = 420,401/420,401
  [check] PASS  test_pair_frac: 29.9441% vs target 30.00% (tolerance 1%)
train vocab: 987 entities, 19,636 items
train rows in vocab = 674,436/674,436   test rows covered = 418,856/420,401 (99.63%)
  [check] PASS  loss_in_range: test(1k) loss in [-12.4092, -0.3365], expected [-12.4663, -0.2669]
  [check] PASS  vocab_from_train_only: 987 entities / 19,636 items == unique train ids
  [check] PASS  determinism_selftest: same seed -> bitwise identical parameters on a synthetic training path
  [mirt] epoch  20  test RMSE(step0) = 1.49135  (15.8s)
  [mirt] epoch  40  test RMSE(step0) = 1.51677  (30.7s)
  [mirt] epoch  60  test RMSE(step0) = 1.52662  (45.8s)
mirt     step0 rmse=1.52662 cov=0.996
  [check] PASS  coverage_reported: 2 result blocks carry coverage + n_scored
  [check] PASS  no_test_leak: training rows used = 674,436; of those on a held-out pair = 0; test tensors never enter the optimiser
  [check] PASS  npz_matches_summary: mirt:ok
  [check] PASS  d_constraint_holds: mirt: D>0, min D = 8.398e-05

wrote npz per model + step2_probe_1k_summary_loss.json (51.8s total)
{
  "mirt|step0": {
    "n_scored": 418856,
    "coverage": 0.996325,
    "rmse": 1.526618,
    "mae": 1.086085,
    "spearman": 0.746496,
    "pp_p50": 0.260865,
    "pp_p90": 2.761284,
    "pp_mean": 1.021863,
    "pp_gt1_frac": 0.264115,
    "pp_gt5_frac": 0.037256
  },
  "mirt|step1": {
    "n_scored": 288833,
    "coverage": 0.996041,
    "rmse": 1.075566,
    "mae": 0.789979,
    "spearman": 0.8748,
    "pp_p50": 0.166289,
    "pp_p90": 1.699085,
    "pp_mean": 0.589775,
    "pp_gt1_frac": 0.17991,
    "pp_gt5_frac": 0.010362
  }
}

ALL_DONE
Sun Oct  4 03:38:40 PM CST 2026
