
===== --d-constraint simplex --epochs 60 =====
engine: torch 2.13.0+cpu on cpu, threads=6, deterministic_algorithms=True
mechanism: p_drift=none (P_eff = P + Pc*ln(playcount_cur))  d_constraint=simplex
[step1] step1_1k.parquet: 964,417 rows, 990 players, 20,376 beatmaps
[step0] step0_1k.csv: 1,399,615 rows, 990 players, 20,655 beatmaps
pair universe = step0: 866,616 ordered pairs -> test 259,500 (29.94%)
train plays = 674,436 (step1)   test plays = 420,401 (step0)   test pairs' step1 rows = 289,981
  [check] PASS  pair_never_crosses_split: 0 ordered pairs on both sides (train 404,944 / test 259,500 unique pairs)
  [check] PASS  train_and_test_disjoint: train rows on a held-out pair = 0; test rows on a held-out pair = 420,401/420,401
  [check] PASS  test_pair_frac: 29.9441% vs target 30.00% (tolerance 1%)
train vocab: 987 entities, 19,636 items
train rows in vocab = 674,436/674,436   test rows covered = 418,856/420,401 (99.63%)
  [check] PASS  loss_in_range: test(1k) loss in [-12.4092, -0.3365], expected [-12.4663, -0.2669]
  [check] PASS  vocab_from_train_only: 987 entities / 19,636 items == unique train ids
  [check] PASS  determinism_selftest: same seed -> bitwise identical parameters on a synthetic training path
  [mirt] epoch  20  test RMSE(step0) = 1.52038  (21.0s)
  [mirt] epoch  40  test RMSE(step0) = 1.52631  (38.8s)
  [mirt] epoch  60  test RMSE(step0) = 1.52389  (56.8s)
mirt     step0 rmse=1.52389 cov=0.996
  [check] PASS  coverage_reported: 2 result blocks carry coverage + n_scored
  [check] PASS  no_test_leak: training rows used = 674,436; of those on a held-out pair = 0; test tensors never enter the optimiser
  [check] PASS  npz_matches_summary: mirt:ok
  [check] PASS  d_constraint_holds: mirt: D>=0, max|sum_i D_i - 1| = 1.79e-07

wrote npz per model + step2_probe_1k_summary_loss.json (62.0s total)
{
  "mirt|step0": {
    "n_scored": 418856,
    "coverage": 0.996325,
    "rmse": 1.523888,
    "mae": 1.174507,
    "spearman": 0.733061,
    "pp_p50": 0.272009,
    "pp_p90": 3.267916,
    "pp_mean": 1.15763,
    "pp_gt1_frac": 0.293953,
    "pp_gt5_frac": 0.047002
  },
  "mirt|step1": {
    "n_scored": 288833,
    "coverage": 0.996041,
    "rmse": 1.194593,
    "mae": 0.934143,
    "spearman": 0.844117,
    "pp_p50": 0.1709,
    "pp_p90": 2.246547,
    "pp_mean": 0.731481,
    "pp_gt1_frac": 0.215384,
    "pp_gt5_frac": 0.020707
  }
}

===== --d-constraint simplex --epochs 200 =====
engine: torch 2.13.0+cpu on cpu, threads=6, deterministic_algorithms=True
mechanism: p_drift=none (P_eff = P + Pc*ln(playcount_cur))  d_constraint=simplex
[step1] step1_1k.parquet: 964,417 rows, 990 players, 20,376 beatmaps
[step0] step0_1k.csv: 1,399,615 rows, 990 players, 20,655 beatmaps
pair universe = step0: 866,616 ordered pairs -> test 259,500 (29.94%)
train plays = 674,436 (step1)   test plays = 420,401 (step0)   test pairs' step1 rows = 289,981
  [check] PASS  pair_never_crosses_split: 0 ordered pairs on both sides (train 404,944 / test 259,500 unique pairs)
  [check] PASS  train_and_test_disjoint: train rows on a held-out pair = 0; test rows on a held-out pair = 420,401/420,401
  [check] PASS  test_pair_frac: 29.9441% vs target 30.00% (tolerance 1%)
train vocab: 987 entities, 19,636 items
train rows in vocab = 674,436/674,436   test rows covered = 418,856/420,401 (99.63%)
  [check] PASS  loss_in_range: test(1k) loss in [-12.4092, -0.3365], expected [-12.4663, -0.2669]
  [check] PASS  vocab_from_train_only: 987 entities / 19,636 items == unique train ids
  [check] PASS  determinism_selftest: same seed -> bitwise identical parameters on a synthetic training path
  [mirt] epoch  20  test RMSE(step0) = 1.52038  (20.1s)
  [mirt] epoch  40  test RMSE(step0) = 1.52631  (38.8s)
  [mirt] epoch  60  test RMSE(step0) = 1.52389  (59.2s)
  [mirt] epoch  80  test RMSE(step0) = 1.52448  (78.8s)
  [mirt] epoch 100  test RMSE(step0) = 1.52603  (95.1s)
  [mirt] epoch 120  test RMSE(step0) = 1.52417  (113.7s)
  [mirt] epoch 140  test RMSE(step0) = 1.52725  (130.9s)
  [mirt] epoch 160  test RMSE(step0) = 1.52500  (147.3s)
  [mirt] epoch 180  test RMSE(step0) = 1.53049  (165.3s)
  [mirt] epoch 200  test RMSE(step0) = 1.52376  (189.8s)
mirt     step0 rmse=1.52376 cov=0.996
  [check] PASS  coverage_reported: 2 result blocks carry coverage + n_scored
  [check] PASS  no_test_leak: training rows used = 674,436; of those on a held-out pair = 0; test tensors never enter the optimiser
  [check] PASS  npz_matches_summary: mirt:ok
  [check] PASS  d_constraint_holds: mirt: D>=0, max|sum_i D_i - 1| = 2.38e-07

wrote npz per model + step2_probe_1k_summary_loss.json (194.7s total)
{
  "mirt|step0": {
    "n_scored": 418856,
    "coverage": 0.996325,
    "rmse": 1.523764,
    "mae": 1.174326,
    "spearman": 0.73287,
    "pp_p50": 0.272328,
    "pp_p90": 3.267286,
    "pp_mean": 1.158742,
    "pp_gt1_frac": 0.29369,
    "pp_gt5_frac": 0.047054
  },
  "mirt|step1": {
    "n_scored": 288833,
    "coverage": 0.996041,
    "rmse": 1.194082,
    "mae": 0.93382,
    "spearman": 0.844239,
    "pp_p50": 0.171107,
    "pp_p90": 2.250698,
    "pp_mean": 0.733966,
    "pp_gt1_frac": 0.215349,
    "pp_gt5_frac": 0.020884
  }
}

===== --d-constraint simplex --p-drift logpc --epochs 200 =====
engine: torch 2.13.0+cpu on cpu, threads=6, deterministic_algorithms=True
mechanism: p_drift=logpc (P_eff = P + Pc*ln(playcount_cur))  d_constraint=simplex
[step1] step1_1k.parquet: 964,417 rows, 990 players, 20,376 beatmaps
[step0] step0_1k.csv: 1,399,615 rows, 990 players, 20,655 beatmaps
pair universe = step0: 866,616 ordered pairs -> test 259,500 (29.94%)
train plays = 674,436 (step1)   test plays = 420,401 (step0)   test pairs' step1 rows = 289,981
  [check] PASS  pair_never_crosses_split: 0 ordered pairs on both sides (train 404,944 / test 259,500 unique pairs)
  [check] PASS  train_and_test_disjoint: train rows on a held-out pair = 0; test rows on a held-out pair = 420,401/420,401
  [check] PASS  test_pair_frac: 29.9441% vs target 30.00% (tolerance 1%)
train vocab: 987 entities, 19,636 items
train rows in vocab = 674,436/674,436   test rows covered = 418,856/420,401 (99.63%)
  [check] PASS  loss_in_range: test(1k) loss in [-12.4092, -0.3365], expected [-12.4663, -0.2669]
  [check] PASS  vocab_from_train_only: 987 entities / 19,636 items == unique train ids
  [check] PASS  determinism_selftest: same seed -> bitwise identical parameters on a synthetic training path
  [mirt] epoch  20  test RMSE(step0) = 1.50655  (25.7s)
  [mirt] epoch  40  test RMSE(step0) = 1.51287  (51.2s)
  [mirt] epoch  60  test RMSE(step0) = 1.50956  (76.8s)
  [mirt] epoch  80  test RMSE(step0) = 1.51114  (112.5s)
  [mirt] epoch 100  test RMSE(step0) = 1.51168  (136.8s)
  [mirt] epoch 120  test RMSE(step0) = 1.51086  (158.1s)
  [mirt] epoch 140  test RMSE(step0) = 1.51330  (179.3s)
  [mirt] epoch 160  test RMSE(step0) = 1.51059  (200.3s)
  [mirt] epoch 180  test RMSE(step0) = 1.51575  (222.2s)
  [mirt] epoch 200  test RMSE(step0) = 1.51014  (242.5s)
mirt     step0 rmse=1.51014 cov=0.996
  [check] PASS  coverage_reported: 2 result blocks carry coverage + n_scored
  [check] PASS  no_test_leak: training rows used = 674,436; of those on a held-out pair = 0; test tensors never enter the optimiser
  [check] PASS  npz_matches_summary: mirt:ok
  [check] PASS  d_constraint_holds: mirt: D>=0, max|sum_i D_i - 1| = 2.38e-07

wrote npz per model + step2_probe_1k_summary_loss.json (248.9s total)
{
  "mirt|step0": {
    "n_scored": 418856,
    "coverage": 0.996325,
    "rmse": 1.510144,
    "mae": 1.162073,
    "spearman": 0.73829,
    "pp_p50": 0.269237,
    "pp_p90": 3.236034,
    "pp_mean": 1.149026,
    "pp_gt1_frac": 0.290904,
    "pp_gt5_frac": 0.046448
  },
  "mirt|step1": {
    "n_scored": 288833,
    "coverage": 0.996041,
    "rmse": 1.186231,
    "mae": 0.92635,
    "spearman": 0.847125,
    "pp_p50": 0.169159,
    "pp_p90": 2.222572,
    "pp_mean": 0.72569,
    "pp_gt1_frac": 0.212289,
    "pp_gt5_frac": 0.020469
  }
}

===== --d-constraint nonneg --wd 0 --epochs 60 =====
engine: torch 2.13.0+cpu on cpu, threads=6, deterministic_algorithms=True
mechanism: p_drift=none (P_eff = P + Pc*ln(playcount_cur))  d_constraint=nonneg
[step1] step1_1k.parquet: 964,417 rows, 990 players, 20,376 beatmaps
[step0] step0_1k.csv: 1,399,615 rows, 990 players, 20,655 beatmaps
pair universe = step0: 866,616 ordered pairs -> test 259,500 (29.94%)
train plays = 674,436 (step1)   test plays = 420,401 (step0)   test pairs' step1 rows = 289,981
  [check] PASS  pair_never_crosses_split: 0 ordered pairs on both sides (train 404,944 / test 259,500 unique pairs)
  [check] PASS  train_and_test_disjoint: train rows on a held-out pair = 0; test rows on a held-out pair = 420,401/420,401
  [check] PASS  test_pair_frac: 29.9441% vs target 30.00% (tolerance 1%)
train vocab: 987 entities, 19,636 items
train rows in vocab = 674,436/674,436   test rows covered = 418,856/420,401 (99.63%)
  [check] PASS  loss_in_range: test(1k) loss in [-12.4092, -0.3365], expected [-12.4663, -0.2669]
  [check] PASS  vocab_from_train_only: 987 entities / 19,636 items == unique train ids
  [check] PASS  determinism_selftest: same seed -> bitwise identical parameters on a synthetic training path
  [mirt] epoch  20  test RMSE(step0) = 1.52366  (17.1s)
  [mirt] epoch  40  test RMSE(step0) = 1.57302  (39.4s)
  [mirt] epoch  60  test RMSE(step0) = 1.60243  (54.2s)
mirt     step0 rmse=1.60243 cov=0.996
  [check] PASS  coverage_reported: 2 result blocks carry coverage + n_scored
  [check] PASS  no_test_leak: training rows used = 674,436; of those on a held-out pair = 0; test tensors never enter the optimiser
  [check] PASS  npz_matches_summary: mirt:ok
  [check] PASS  d_constraint_holds: mirt: D>0, min D = 2.770e-04

wrote npz per model + step2_probe_1k_summary_loss.json (60.7s total)
{
  "mirt|step0": {
    "n_scored": 418856,
    "coverage": 0.996325,
    "rmse": 1.602429,
    "mae": 1.11263,
    "spearman": 0.73801,
    "pp_p50": 0.263014,
    "pp_p90": 2.775924,
    "pp_mean": 1.055921,
    "pp_gt1_frac": 0.266242,
    "pp_gt5_frac": 0.037533
  },
  "mirt|step1": {
    "n_scored": 288833,
    "coverage": 0.996041,
    "rmse": 1.102645,
    "mae": 0.794594,
    "spearman": 0.871165,
    "pp_p50": 0.165308,
    "pp_p90": 1.72466,
    "pp_mean": 0.639375,
    "pp_gt1_frac": 0.182992,
    "pp_gt5_frac": 0.01245
  }
}

===== --d-constraint nonneg --wd 0 --p-drift logpc --epochs 60 =====
engine: torch 2.13.0+cpu on cpu, threads=6, deterministic_algorithms=True
mechanism: p_drift=logpc (P_eff = P + Pc*ln(playcount_cur))  d_constraint=nonneg
[step1] step1_1k.parquet: 964,417 rows, 990 players, 20,376 beatmaps
[step0] step0_1k.csv: 1,399,615 rows, 990 players, 20,655 beatmaps
pair universe = step0: 866,616 ordered pairs -> test 259,500 (29.94%)
train plays = 674,436 (step1)   test plays = 420,401 (step0)   test pairs' step1 rows = 289,981
  [check] PASS  pair_never_crosses_split: 0 ordered pairs on both sides (train 404,944 / test 259,500 unique pairs)
  [check] PASS  train_and_test_disjoint: train rows on a held-out pair = 0; test rows on a held-out pair = 420,401/420,401
  [check] PASS  test_pair_frac: 29.9441% vs target 30.00% (tolerance 1%)
train vocab: 987 entities, 19,636 items
train rows in vocab = 674,436/674,436   test rows covered = 418,856/420,401 (99.63%)
  [check] PASS  loss_in_range: test(1k) loss in [-12.4092, -0.3365], expected [-12.4663, -0.2669]
  [check] PASS  vocab_from_train_only: 987 entities / 19,636 items == unique train ids
  [check] PASS  determinism_selftest: same seed -> bitwise identical parameters on a synthetic training path
  [mirt] epoch  20  test RMSE(step0) = 1.49005  (19.0s)
  [mirt] epoch  40  test RMSE(step0) = 1.54751  (36.8s)
  [mirt] epoch  60  test RMSE(step0) = 1.58191  (53.9s)
mirt     step0 rmse=1.58191 cov=0.996
  [check] PASS  coverage_reported: 2 result blocks carry coverage + n_scored
  [check] PASS  no_test_leak: training rows used = 674,436; of those on a held-out pair = 0; test tensors never enter the optimiser
  [check] PASS  npz_matches_summary: mirt:ok
  [check] PASS  d_constraint_holds: mirt: D>0, min D = 3.874e-04

wrote npz per model + step2_probe_1k_summary_loss.json (60.7s total)
{
  "mirt|step0": {
    "n_scored": 418856,
    "coverage": 0.996325,
    "rmse": 1.581909,
    "mae": 1.09381,
    "spearman": 0.749011,
    "pp_p50": 0.254066,
    "pp_p90": 2.734231,
    "pp_mean": 1.083235,
    "pp_gt1_frac": 0.261097,
    "pp_gt5_frac": 0.037397
  },
  "mirt|step1": {
    "n_scored": 288833,
    "coverage": 0.996041,
    "rmse": 1.129537,
    "mae": 0.80663,
    "spearman": 0.870006,
    "pp_p50": 0.161839,
    "pp_p90": 1.727559,
    "pp_mean": 0.687501,
    "pp_gt1_frac": 0.181312,
    "pp_gt5_frac": 0.013932
  }
}

ALL_DONE
Sun Oct  4 03:23:14 PM CST 2026
