===== dim 32 reference =====
Sun Oct  4 06:13:46 PM CST 2026
engine: torch 2.13.0+cpu on cpu, threads=6, deterministic_algorithms=True
mechanism: p_drift=none (P_eff = P + Pc*ln(playcount_cur))  d_constraint=none  d_logit_wd=None
note: mirt_exp = b0 + ln(sum_i D_mi*exp(-(P_ui-C_mi))); D is forced positive (softplus) because a free D can make the sum negative, and its log undefined
[step1] step1_1k.parquet: 964,417 rows, 990 players, 20,376 beatmaps
[step0] step0_1k.csv: 1,399,615 rows, 990 players, 20,655 beatmaps
pair universe = step0: 866,616 ordered pairs -> test 259,500 (29.94%)
train plays = 674,436 (step1)   test plays = 420,401 (step0)   test pairs' step1 rows = 289,981
  [check] PASS  pair_never_crosses_split: 0 ordered pairs on both sides (train 404,944 / test 259,500 unique pairs)
  [check] PASS  train_and_test_disjoint: train rows on a held-out pair = 0; test rows on a held-out pair = 420,401/420,401
  [check] PASS  test_pair_frac: 29.9441% vs target 30.00% (tolerance 1%)
train vocab: 987 entities, 19,636 items
train rows in vocab = 674,436/674,436   test rows covered = 418,856/420,401 (99.63%)
  [check] PASS  loss_in_range: test(1k) loss in [-12.4092, -0.3365], expected [-12.4663, -0.2669]
  [check] PASS  vocab_from_train_only: 987 entities / 19,636 items == unique train ids
  [check] PASS  determinism_selftest: same seed -> bitwise identical parameters on a synthetic training path
  [mirt] epoch  20  test RMSE(step0) = 1.44939  (35.9s)
  [mirt] epoch  40  test RMSE(step0) = 1.46066  (64.4s)
  [mirt] epoch  60  test RMSE(step0) = 1.45847  (81.1s)
mirt     step0 rmse=1.45847 cov=0.996
  [mf_dot] epoch  20  test RMSE(step0) = 1.44591  (11.4s)
  [mf_dot] epoch  40  test RMSE(step0) = 1.45698  (22.9s)
  [mf_dot] epoch  60  test RMSE(step0) = 1.45441  (34.2s)
mf_dot   step0 rmse=1.45441 cov=0.996
  [mirt_exp] d_constraint=nonneg  d_logit_wd=0
  [mirt_exp] epoch  20  test RMSE(step0) = 1.53757  (20.6s)
  [mirt_exp] epoch  40  test RMSE(step0) = 1.52133  (40.5s)
  [mirt_exp] epoch  60  test RMSE(step0) = 1.50666  (59.8s)
mirt_exp step0 rmse=1.50666 cov=0.996
  [check] PASS  coverage_reported: 6 result blocks carry coverage + n_scored
  [check] PASS  no_test_leak: training rows used = 674,436; of those on a held-out pair = 0; test tensors never enter the optimiser
Traceback (most recent call last):
  File "/home/mikechu/Documents/Projects/DenseConstantRegressor/scripts/step2_predict.py", line 682, in <module>
    main()
    ~~~~^^
  File "/home/mikechu/Documents/Projects/DenseConstantRegressor/scripts/step2_predict.py", line 610, in main
    D=model.export_D(),                        # effective D (constraint applied)
      ~~~~~~~~~~~~~~^^
  File "/home/mikechu/Documents/Projects/DenseConstantRegressor/scripts/step2_predict.py", line 248, in export_D
    Z = self.p["D"].detach()
        ~~~~~~^^^^^
KeyError: 'D'

ALL_DONE
Sun Oct  4 06:16:50 PM CST 2026
