
===== --d-constraint simplex --wd 3e-6 --epochs 60 =====
engine: torch 2.13.0+cpu on cpu, threads=6, deterministic_algorithms=True
mechanism: p_drift=none (P_eff = P + Pc*ln(playcount_cur))  d_constraint=simplex
[step1] step1_1k.parquet: 964,417 rows, 990 players, 20,376 beatmaps
[step0] step0_1k.csv: 1,399,615 rows, 990 players, 20,655 beatmaps
pair universe = step0: 866,616 ordered pairs -> test 259,500 (29.94%)
train plays = 674,436 (step1)   test plays = 420,401 (step0)   test pairs' step1 rows = 289,981
  [check] PASS  pair_never_crosses_split: 0 ordered pairs on both sides (train 404,944 / test 259,500 unique pairs)
  [check] PASS  train_and_test_disjoint: train rows on a held-out pair = 0; test rows on a held-out pair = 420,401/420,401
  [check] PASS  test_pair_frac: 29.9441% vs target 30.00% (tolerance 1%)
train vocab: 987 entities, 19,636 items
train rows in vocab = 674,436/674,436   test rows covered = 418,856/420,401 (99.63%)
  [check] PASS  loss_in_range: test(1k) loss in [-12.4092, -0.3365], expected [-12.4663, -0.2669]
  [check] PASS  vocab_from_train_only: 987 entities / 19,636 items == unique train ids
  [check] PASS  determinism_selftest: same seed -> bitwise identical parameters on a synthetic training path
  [mirt] epoch  20  test RMSE(step0) = 1.47418  (16.8s)
  [mirt] epoch  40  test RMSE(step0) = 1.47463  (31.7s)
  [mirt] epoch  60  test RMSE(step0) = 1.47585  (47.3s)
mirt     step0 rmse=1.47585 cov=0.996
  [check] PASS  coverage_reported: 2 result blocks carry coverage + n_scored
  [check] PASS  no_test_leak: training rows used = 674,436; of those on a held-out pair = 0; test tensors never enter the optimiser
  [check] PASS  npz_matches_summary: mirt:ok
  [check] PASS  d_constraint_holds: mirt: D>=0, max|sum_i D_i - 1| = 2.38e-07

wrote npz per model + step2_probe_1k_summary_loss.json (54.0s total)
{
  "mirt|step0": {
    "n_scored": 418856,
    "coverage": 0.996325,
    "rmse": 1.475846,
    "mae": 1.032149,
    "spearman": 0.763714,
    "pp_p50": 0.240025,
    "pp_p90": 2.714974,
    "pp_mean": 0.996362,
    "pp_gt1_frac": 0.257678,
    "pp_gt5_frac": 0.035991
  },
  "mirt|step1": {
    "n_scored": 288833,
    "coverage": 0.996041,
    "rmse": 0.972053,
    "mae": 0.709659,
    "spearman": 0.893635,
    "pp_p50": 0.145732,
    "pp_p90": 1.597071,
    "pp_mean": 0.557185,
    "pp_gt1_frac": 0.168568,
    "pp_gt5_frac": 0.0094
  }
}

===== --d-constraint simplex --wd 1e-5 --epochs 60 =====
engine: torch 2.13.0+cpu on cpu, threads=6, deterministic_algorithms=True
mechanism: p_drift=none (P_eff = P + Pc*ln(playcount_cur))  d_constraint=simplex
[step1] step1_1k.parquet: 964,417 rows, 990 players, 20,376 beatmaps
[step0] step0_1k.csv: 1,399,615 rows, 990 players, 20,655 beatmaps
pair universe = step0: 866,616 ordered pairs -> test 259,500 (29.94%)
train plays = 674,436 (step1)   test plays = 420,401 (step0)   test pairs' step1 rows = 289,981
  [check] PASS  pair_never_crosses_split: 0 ordered pairs on both sides (train 404,944 / test 259,500 unique pairs)
  [check] PASS  train_and_test_disjoint: train rows on a held-out pair = 0; test rows on a held-out pair = 420,401/420,401
  [check] PASS  test_pair_frac: 29.9441% vs target 30.00% (tolerance 1%)
train vocab: 987 entities, 19,636 items
train rows in vocab = 674,436/674,436   test rows covered = 418,856/420,401 (99.63%)
  [check] PASS  loss_in_range: test(1k) loss in [-12.4092, -0.3365], expected [-12.4663, -0.2669]
  [check] PASS  vocab_from_train_only: 987 entities / 19,636 items == unique train ids
  [check] PASS  determinism_selftest: same seed -> bitwise identical parameters on a synthetic training path
  [mirt] epoch  20  test RMSE(step0) = 1.47519  (17.3s)
  [mirt] epoch  40  test RMSE(step0) = 1.47402  (33.2s)
  [mirt] epoch  60  test RMSE(step0) = 1.47408  (49.5s)
mirt     step0 rmse=1.47408 cov=0.996
  [check] PASS  coverage_reported: 2 result blocks carry coverage + n_scored
  [check] PASS  no_test_leak: training rows used = 674,436; of those on a held-out pair = 0; test tensors never enter the optimiser
  [check] PASS  npz_matches_summary: mirt:ok
  [check] PASS  d_constraint_holds: mirt: D>=0, max|sum_i D_i - 1| = 2.38e-07

wrote npz per model + step2_probe_1k_summary_loss.json (55.8s total)
{
  "mirt|step0": {
    "n_scored": 418856,
    "coverage": 0.996325,
    "rmse": 1.474077,
    "mae": 1.052466,
    "spearman": 0.761225,
    "pp_p50": 0.24233,
    "pp_p90": 2.813063,
    "pp_mean": 1.026453,
    "pp_gt1_frac": 0.264384,
    "pp_gt5_frac": 0.037774
  },
  "mirt|step1": {
    "n_scored": 288833,
    "coverage": 0.996041,
    "rmse": 0.99223,
    "mae": 0.738106,
    "spearman": 0.88939,
    "pp_p50": 0.146626,
    "pp_p90": 1.69445,
    "pp_mean": 0.584303,
    "pp_gt1_frac": 0.175866,
    "pp_gt5_frac": 0.011065
  }
}

===== --d-constraint simplex --wd 3e-5 --epochs 60 =====
engine: torch 2.13.0+cpu on cpu, threads=6, deterministic_algorithms=True
mechanism: p_drift=none (P_eff = P + Pc*ln(playcount_cur))  d_constraint=simplex
[step1] step1_1k.parquet: 964,417 rows, 990 players, 20,376 beatmaps
[step0] step0_1k.csv: 1,399,615 rows, 990 players, 20,655 beatmaps
pair universe = step0: 866,616 ordered pairs -> test 259,500 (29.94%)
train plays = 674,436 (step1)   test plays = 420,401 (step0)   test pairs' step1 rows = 289,981
  [check] PASS  pair_never_crosses_split: 0 ordered pairs on both sides (train 404,944 / test 259,500 unique pairs)
  [check] PASS  train_and_test_disjoint: train rows on a held-out pair = 0; test rows on a held-out pair = 420,401/420,401
  [check] PASS  test_pair_frac: 29.9441% vs target 30.00% (tolerance 1%)
train vocab: 987 entities, 19,636 items
train rows in vocab = 674,436/674,436   test rows covered = 418,856/420,401 (99.63%)
  [check] PASS  loss_in_range: test(1k) loss in [-12.4092, -0.3365], expected [-12.4663, -0.2669]
  [check] PASS  vocab_from_train_only: 987 entities / 19,636 items == unique train ids
  [check] PASS  determinism_selftest: same seed -> bitwise identical parameters on a synthetic training path
  [mirt] epoch  20  test RMSE(step0) = 1.50300  (18.1s)
  [mirt] epoch  40  test RMSE(step0) = 1.50011  (37.4s)
  [mirt] epoch  60  test RMSE(step0) = 1.49709  (57.2s)
mirt     step0 rmse=1.49709 cov=0.996
  [check] PASS  coverage_reported: 2 result blocks carry coverage + n_scored
  [check] PASS  no_test_leak: training rows used = 674,436; of those on a held-out pair = 0; test tensors never enter the optimiser
  [check] PASS  npz_matches_summary: mirt:ok
  [check] PASS  d_constraint_holds: mirt: D>=0, max|sum_i D_i - 1| = 2.38e-07

wrote npz per model + step2_probe_1k_summary_loss.json (63.8s total)
{
  "mirt|step0": {
    "n_scored": 418856,
    "coverage": 0.996325,
    "rmse": 1.497087,
    "mae": 1.108628,
    "spearman": 0.748127,
    "pp_p50": 0.25636,
    "pp_p90": 3.036941,
    "pp_mean": 1.091036,
    "pp_gt1_frac": 0.279411,
    "pp_gt5_frac": 0.041881
  },
  "mirt|step1": {
    "n_scored": 288833,
    "coverage": 0.996041,
    "rmse": 1.081425,
    "mae": 0.824556,
    "spearman": 0.870481,
    "pp_p50": 0.157316,
    "pp_p90": 1.957229,
    "pp_mean": 0.655296,
    "pp_gt1_frac": 0.195424,
    "pp_gt5_frac": 0.015327
  }
}

===== --d-constraint simplex --wd 1e-5 --p-drift logpc --epochs 60 =====
engine: torch 2.13.0+cpu on cpu, threads=6, deterministic_algorithms=True
mechanism: p_drift=logpc (P_eff = P + Pc*ln(playcount_cur))  d_constraint=simplex
[step1] step1_1k.parquet: 964,417 rows, 990 players, 20,376 beatmaps
[step0] step0_1k.csv: 1,399,615 rows, 990 players, 20,655 beatmaps
pair universe = step0: 866,616 ordered pairs -> test 259,500 (29.94%)
train plays = 674,436 (step1)   test plays = 420,401 (step0)   test pairs' step1 rows = 289,981
  [check] PASS  pair_never_crosses_split: 0 ordered pairs on both sides (train 404,944 / test 259,500 unique pairs)
  [check] PASS  train_and_test_disjoint: train rows on a held-out pair = 0; test rows on a held-out pair = 420,401/420,401
  [check] PASS  test_pair_frac: 29.9441% vs target 30.00% (tolerance 1%)
train vocab: 987 entities, 19,636 items
train rows in vocab = 674,436/674,436   test rows covered = 418,856/420,401 (99.63%)
  [check] PASS  loss_in_range: test(1k) loss in [-12.4092, -0.3365], expected [-12.4663, -0.2669]
  [check] PASS  vocab_from_train_only: 987 entities / 19,636 items == unique train ids
  [check] PASS  determinism_selftest: same seed -> bitwise identical parameters on a synthetic training path
  [mirt] epoch  20  test RMSE(step0) = 1.43757  (19.1s)
  [mirt] epoch  40  test RMSE(step0) = 1.44290  (37.1s)
  [mirt] epoch  60  test RMSE(step0) = 1.44156  (55.0s)
mirt     step0 rmse=1.44156 cov=0.996
  [check] PASS  coverage_reported: 2 result blocks carry coverage + n_scored
  [check] PASS  no_test_leak: training rows used = 674,436; of those on a held-out pair = 0; test tensors never enter the optimiser
  [check] PASS  npz_matches_summary: mirt:ok
  [check] PASS  d_constraint_holds: mirt: D>=0, max|sum_i D_i - 1| = 2.38e-07

wrote npz per model + step2_probe_1k_summary_loss.json (61.5s total)
{
  "mirt|step0": {
    "n_scored": 418856,
    "coverage": 0.996325,
    "rmse": 1.441563,
    "mae": 1.024114,
    "spearman": 0.771422,
    "pp_p50": 0.234401,
    "pp_p90": 2.753804,
    "pp_mean": 1.007707,
    "pp_gt1_frac": 0.258275,
    "pp_gt5_frac": 0.037242
  },
  "mirt|step1": {
    "n_scored": 288833,
    "coverage": 0.996041,
    "rmse": 0.981256,
    "mae": 0.726281,
    "spearman": 0.892288,
    "pp_p50": 0.142724,
    "pp_p90": 1.654756,
    "pp_mean": 0.573878,
    "pp_gt1_frac": 0.170625,
    "pp_gt5_frac": 0.011283
  }
}

===== --d-constraint simplex --wd 3e-5 --p-drift logpc --epochs 60 =====
engine: torch 2.13.0+cpu on cpu, threads=6, deterministic_algorithms=True
mechanism: p_drift=logpc (P_eff = P + Pc*ln(playcount_cur))  d_constraint=simplex
[step1] step1_1k.parquet: 964,417 rows, 990 players, 20,376 beatmaps
[step0] step0_1k.csv: 1,399,615 rows, 990 players, 20,655 beatmaps
pair universe = step0: 866,616 ordered pairs -> test 259,500 (29.94%)
train plays = 674,436 (step1)   test plays = 420,401 (step0)   test pairs' step1 rows = 289,981
  [check] PASS  pair_never_crosses_split: 0 ordered pairs on both sides (train 404,944 / test 259,500 unique pairs)
  [check] PASS  train_and_test_disjoint: train rows on a held-out pair = 0; test rows on a held-out pair = 420,401/420,401
  [check] PASS  test_pair_frac: 29.9441% vs target 30.00% (tolerance 1%)
train vocab: 987 entities, 19,636 items
train rows in vocab = 674,436/674,436   test rows covered = 418,856/420,401 (99.63%)
  [check] PASS  loss_in_range: test(1k) loss in [-12.4092, -0.3365], expected [-12.4663, -0.2669]
  [check] PASS  vocab_from_train_only: 987 entities / 19,636 items == unique train ids
  [check] PASS  determinism_selftest: same seed -> bitwise identical parameters on a synthetic training path
  [mirt] epoch  20  test RMSE(step0) = 1.47093  (18.8s)
  [mirt] epoch  40  test RMSE(step0) = 1.47284  (36.2s)
  [mirt] epoch  60  test RMSE(step0) = 1.46931  (53.9s)
mirt     step0 rmse=1.46931 cov=0.996
  [check] PASS  coverage_reported: 2 result blocks carry coverage + n_scored
  [check] PASS  no_test_leak: training rows used = 674,436; of those on a held-out pair = 0; test tensors never enter the optimiser
  [check] PASS  npz_matches_summary: mirt:ok
  [check] PASS  d_constraint_holds: mirt: D>=0, max|sum_i D_i - 1| = 2.38e-07

wrote npz per model + step2_probe_1k_summary_loss.json (60.4s total)
{
  "mirt|step0": {
    "n_scored": 418856,
    "coverage": 0.996325,
    "rmse": 1.469308,
    "mae": 1.084633,
    "spearman": 0.757585,
    "pp_p50": 0.248885,
    "pp_p90": 2.983509,
    "pp_mean": 1.075049,
    "pp_gt1_frac": 0.274763,
    "pp_gt5_frac": 0.040892
  },
  "mirt|step1": {
    "n_scored": 288833,
    "coverage": 0.996041,
    "rmse": 1.066563,
    "mae": 0.81104,
    "spearman": 0.874899,
    "pp_p50": 0.153029,
    "pp_p90": 1.908937,
    "pp_mean": 0.643578,
    "pp_gt1_frac": 0.190903,
    "pp_gt5_frac": 0.014846
  }
}

ALL_DONE
Sun Oct  4 03:32:33 PM CST 2026
