
===== --models mirt,mf_dot,mirt_exp --dim 2 =====
Sun Oct  4 06:00:42 PM CST 2026
engine: torch 2.13.0+cpu on cpu, threads=6, deterministic_algorithms=True
mechanism: p_drift=none (P_eff = P + Pc*ln(playcount_cur))  d_constraint=none  d_logit_wd=None
note: mirt_exp = b0 + ln(sum_i D_mi*exp(-(P_ui-C_mi))); D is forced positive (softplus) because a free D can make the sum negative, and its log undefined
[step1] step1_1k.parquet: 964,417 rows, 990 players, 20,376 beatmaps
[step0] step0_1k.csv: 1,399,615 rows, 990 players, 20,655 beatmaps
pair universe = step0: 866,616 ordered pairs -> test 259,500 (29.94%)
train plays = 674,436 (step1)   test plays = 420,401 (step0)   test pairs' step1 rows = 289,981
  [check] PASS  pair_never_crosses_split: 0 ordered pairs on both sides (train 404,944 / test 259,500 unique pairs)
  [check] PASS  train_and_test_disjoint: train rows on a held-out pair = 0; test rows on a held-out pair = 420,401/420,401
  [check] PASS  test_pair_frac: 29.9441% vs target 30.00% (tolerance 1%)
train vocab: 987 entities, 19,636 items
train rows in vocab = 674,436/674,436   test rows covered = 418,856/420,401 (99.63%)
  [check] PASS  loss_in_range: test(1k) loss in [-12.4092, -0.3365], expected [-12.4663, -0.2669]
  [check] PASS  vocab_from_train_only: 987 entities / 19,636 items == unique train ids
  [check] PASS  determinism_selftest: same seed -> bitwise identical parameters on a synthetic training path
  [mirt] epoch  20  test RMSE(step0) = 1.46762  (7.7s)
  [mirt] epoch  40  test RMSE(step0) = 1.47851  (14.9s)
  [mirt] epoch  60  test RMSE(step0) = 1.47815  (22.4s)
mirt     step0 rmse=1.47815 cov=0.996
  [mf_dot] epoch  20  test RMSE(step0) = 1.46253  (5.9s)
  [mf_dot] epoch  40  test RMSE(step0) = 1.47764  (11.9s)
  [mf_dot] epoch  60  test RMSE(step0) = 1.47767  (18.0s)
mf_dot   step0 rmse=1.47767 cov=0.996
  [mirt_exp] d_constraint=nonneg  d_logit_wd=0
  [mirt_exp] epoch  20  test RMSE(step0) = 1.52584  (8.2s)
  [mirt_exp] epoch  40  test RMSE(step0) = 1.53529  (17.1s)
  [mirt_exp] epoch  60  test RMSE(step0) = 1.53277  (26.5s)
mirt_exp step0 rmse=1.53277 cov=0.996
  [check] PASS  coverage_reported: 6 result blocks carry coverage + n_scored
  [check] PASS  no_test_leak: training rows used = 674,436; of those on a held-out pair = 0; test tensors never enter the optimiser
Traceback (most recent call last):
  File "/home/mikechu/Documents/Projects/DenseConstantRegressor/scripts/step2_predict.py", line 682, in <module>
    main()
    ~~~~^^
  File "/home/mikechu/Documents/Projects/DenseConstantRegressor/scripts/step2_predict.py", line 610, in main
    D=model.export_D(),                        # effective D (constraint applied)
      ~~~~~~~~~~~~~~^^
  File "/home/mikechu/Documents/Projects/DenseConstantRegressor/scripts/step2_predict.py", line 248, in export_D
    Z = self.p["D"].detach()
        ~~~~~~^^^^^
KeyError: 'D'

===== --models mirt --dim 2 --features F1 --p-drift logpc =====
Sun Oct  4 06:01:56 PM CST 2026
engine: torch 2.13.0+cpu on cpu, threads=6, deterministic_algorithms=True
mechanism: p_drift=logpc (P_eff = P + Pc*ln(playcount_cur))  d_constraint=none  d_logit_wd=None
[step1] step1_1k.parquet: 964,417 rows, 990 players, 20,376 beatmaps
[step0] step0_1k.csv: 1,399,615 rows, 990 players, 20,655 beatmaps
pair universe = step0: 866,616 ordered pairs -> test 259,500 (29.94%)
train plays = 674,436 (step1)   test plays = 420,401 (step0)   test pairs' step1 rows = 289,981
  [check] PASS  pair_never_crosses_split: 0 ordered pairs on both sides (train 404,944 / test 259,500 unique pairs)
  [check] PASS  train_and_test_disjoint: train rows on a held-out pair = 0; test rows on a held-out pair = 420,401/420,401
  [check] PASS  test_pair_frac: 29.9441% vs target 30.00% (tolerance 1%)
train vocab: 987 entities, 19,636 items
train rows in vocab = 674,436/674,436   test rows covered = 418,856/420,401 (99.63%)
  [check] PASS  loss_in_range: test(1k) loss in [-12.4092, -0.3365], expected [-12.4663, -0.2669]
  [check] PASS  vocab_from_train_only: 987 entities / 19,636 items == unique train ids
  [check] PASS  determinism_selftest: same seed -> bitwise identical parameters on a synthetic training path
  [mirt] epoch  20  test RMSE(step0) = 1.42770  (9.6s)
  [mirt] epoch  40  test RMSE(step0) = 1.44216  (18.9s)
  [mirt] epoch  60  test RMSE(step0) = 1.44076  (27.8s)
mirt     step0 rmse=1.44076 cov=0.996
  [check] PASS  coverage_reported: 2 result blocks carry coverage + n_scored
  [check] PASS  no_test_leak: training rows used = 674,436; of those on a held-out pair = 0; test tensors never enter the optimiser
  [check] PASS  npz_matches_summary: mirt:ok

wrote npz per model + step2_1k_summary_loss.json (32.2s total)
{
  "mirt|step0": {
    "n_scored": 418856,
    "coverage": 0.996325,
    "rmse": 1.44076,
    "mae": 1.048801,
    "spearman": 0.765704,
    "pp_p50": 0.246135,
    "pp_p90": 2.859229,
    "pp_mean": 1.037093,
    "pp_gt1_frac": 0.26724,
    "pp_gt5_frac": 0.038896
  },
  "mirt|step1": {
    "n_scored": 288833,
    "coverage": 0.996041,
    "rmse": 1.025153,
    "mae": 0.772263,
    "spearman": 0.881744,
    "pp_p50": 0.151836,
    "pp_p90": 1.786151,
    "pp_mean": 0.603131,
    "pp_gt1_frac": 0.183497,
    "pp_gt5_frac": 0.012395
  }
}

===== --models mirt,mf_dot,mirt_exp --dim 3 =====
Sun Oct  4 06:02:31 PM CST 2026
engine: torch 2.13.0+cpu on cpu, threads=6, deterministic_algorithms=True
mechanism: p_drift=none (P_eff = P + Pc*ln(playcount_cur))  d_constraint=none  d_logit_wd=None
note: mirt_exp = b0 + ln(sum_i D_mi*exp(-(P_ui-C_mi))); D is forced positive (softplus) because a free D can make the sum negative, and its log undefined
[step1] step1_1k.parquet: 964,417 rows, 990 players, 20,376 beatmaps
[step0] step0_1k.csv: 1,399,615 rows, 990 players, 20,655 beatmaps
pair universe = step0: 866,616 ordered pairs -> test 259,500 (29.94%)
train plays = 674,436 (step1)   test plays = 420,401 (step0)   test pairs' step1 rows = 289,981
  [check] PASS  pair_never_crosses_split: 0 ordered pairs on both sides (train 404,944 / test 259,500 unique pairs)
  [check] PASS  train_and_test_disjoint: train rows on a held-out pair = 0; test rows on a held-out pair = 420,401/420,401
  [check] PASS  test_pair_frac: 29.9441% vs target 30.00% (tolerance 1%)
train vocab: 987 entities, 19,636 items
train rows in vocab = 674,436/674,436   test rows covered = 418,856/420,401 (99.63%)
  [check] PASS  loss_in_range: test(1k) loss in [-12.4092, -0.3365], expected [-12.4663, -0.2669]
  [check] PASS  vocab_from_train_only: 987 entities / 19,636 items == unique train ids
  [check] PASS  determinism_selftest: same seed -> bitwise identical parameters on a synthetic training path
  [mirt] epoch  20  test RMSE(step0) = 1.45441  (8.9s)
  [mirt] epoch  40  test RMSE(step0) = 1.46852  (16.9s)
  [mirt] epoch  60  test RMSE(step0) = 1.46885  (24.9s)
mirt     step0 rmse=1.46885 cov=0.996
  [mf_dot] epoch  20  test RMSE(step0) = 1.45573  (7.1s)
  [mf_dot] epoch  40  test RMSE(step0) = 1.46762  (14.6s)
  [mf_dot] epoch  60  test RMSE(step0) = 1.46743  (22.5s)
mf_dot   step0 rmse=1.46743 cov=0.996
  [mirt_exp] d_constraint=nonneg  d_logit_wd=0
  [mirt_exp] epoch  20  test RMSE(step0) = 1.51548  (8.0s)
  [mirt_exp] epoch  40  test RMSE(step0) = 1.52294  (17.2s)
  [mirt_exp] epoch  60  test RMSE(step0) = 1.51979  (26.1s)
mirt_exp step0 rmse=1.51979 cov=0.996
  [check] PASS  coverage_reported: 6 result blocks carry coverage + n_scored
  [check] PASS  no_test_leak: training rows used = 674,436; of those on a held-out pair = 0; test tensors never enter the optimiser
Traceback (most recent call last):
  File "/home/mikechu/Documents/Projects/DenseConstantRegressor/scripts/step2_predict.py", line 682, in <module>
    main()
    ~~~~^^
  File "/home/mikechu/Documents/Projects/DenseConstantRegressor/scripts/step2_predict.py", line 610, in main
    D=model.export_D(),                        # effective D (constraint applied)
      ~~~~~~~~~~~~~~^^
  File "/home/mikechu/Documents/Projects/DenseConstantRegressor/scripts/step2_predict.py", line 248, in export_D
    Z = self.p["D"].detach()
        ~~~~~~^^^^^
KeyError: 'D'

===== --models mirt --dim 3 --features F1 --p-drift logpc =====
Sun Oct  4 06:03:52 PM CST 2026
engine: torch 2.13.0+cpu on cpu, threads=6, deterministic_algorithms=True
mechanism: p_drift=logpc (P_eff = P + Pc*ln(playcount_cur))  d_constraint=none  d_logit_wd=None
[step1] step1_1k.parquet: 964,417 rows, 990 players, 20,376 beatmaps
[step0] step0_1k.csv: 1,399,615 rows, 990 players, 20,655 beatmaps
pair universe = step0: 866,616 ordered pairs -> test 259,500 (29.94%)
train plays = 674,436 (step1)   test plays = 420,401 (step0)   test pairs' step1 rows = 289,981
  [check] PASS  pair_never_crosses_split: 0 ordered pairs on both sides (train 404,944 / test 259,500 unique pairs)
  [check] PASS  train_and_test_disjoint: train rows on a held-out pair = 0; test rows on a held-out pair = 420,401/420,401
  [check] PASS  test_pair_frac: 29.9441% vs target 30.00% (tolerance 1%)
train vocab: 987 entities, 19,636 items
train rows in vocab = 674,436/674,436   test rows covered = 418,856/420,401 (99.63%)
  [check] PASS  loss_in_range: test(1k) loss in [-12.4092, -0.3365], expected [-12.4663, -0.2669]
  [check] PASS  vocab_from_train_only: 987 entities / 19,636 items == unique train ids
  [check] PASS  determinism_selftest: same seed -> bitwise identical parameters on a synthetic training path
  [mirt] epoch  20  test RMSE(step0) = 1.41637  (11.2s)
  [mirt] epoch  40  test RMSE(step0) = 1.43359  (21.2s)
  [mirt] epoch  60  test RMSE(step0) = 1.43251  (29.6s)
mirt     step0 rmse=1.43251 cov=0.996
  [check] PASS  coverage_reported: 2 result blocks carry coverage + n_scored
  [check] PASS  no_test_leak: training rows used = 674,436; of those on a held-out pair = 0; test tensors never enter the optimiser
  [check] PASS  npz_matches_summary: mirt:ok

wrote npz per model + step2_1k_summary_loss.json (33.8s total)
{
  "mirt|step0": {
    "n_scored": 418856,
    "coverage": 0.996325,
    "rmse": 1.432513,
    "mae": 1.039718,
    "spearman": 0.76973,
    "pp_p50": 0.240685,
    "pp_p90": 2.84031,
    "pp_mean": 1.029774,
    "pp_gt1_frac": 0.264494,
    "pp_gt5_frac": 0.038548
  },
  "mirt|step1": {
    "n_scored": 288833,
    "coverage": 0.996041,
    "rmse": 1.010048,
    "mae": 0.759733,
    "spearman": 0.885988,
    "pp_p50": 0.148575,
    "pp_p90": 1.749102,
    "pp_mean": 0.59172,
    "pp_gt1_frac": 0.179339,
    "pp_gt5_frac": 0.01181
  }
}

===== --models mirt,mf_dot,mirt_exp --dim 4 =====
Sun Oct  4 06:04:28 PM CST 2026
engine: torch 2.13.0+cpu on cpu, threads=6, deterministic_algorithms=True
mechanism: p_drift=none (P_eff = P + Pc*ln(playcount_cur))  d_constraint=none  d_logit_wd=None
note: mirt_exp = b0 + ln(sum_i D_mi*exp(-(P_ui-C_mi))); D is forced positive (softplus) because a free D can make the sum negative, and its log undefined
[step1] step1_1k.parquet: 964,417 rows, 990 players, 20,376 beatmaps
[step0] step0_1k.csv: 1,399,615 rows, 990 players, 20,655 beatmaps
pair universe = step0: 866,616 ordered pairs -> test 259,500 (29.94%)
train plays = 674,436 (step1)   test plays = 420,401 (step0)   test pairs' step1 rows = 289,981
  [check] PASS  pair_never_crosses_split: 0 ordered pairs on both sides (train 404,944 / test 259,500 unique pairs)
  [check] PASS  train_and_test_disjoint: train rows on a held-out pair = 0; test rows on a held-out pair = 420,401/420,401
  [check] PASS  test_pair_frac: 29.9441% vs target 30.00% (tolerance 1%)
train vocab: 987 entities, 19,636 items
train rows in vocab = 674,436/674,436   test rows covered = 418,856/420,401 (99.63%)
  [check] PASS  loss_in_range: test(1k) loss in [-12.4092, -0.3365], expected [-12.4663, -0.2669]
  [check] PASS  vocab_from_train_only: 987 entities / 19,636 items == unique train ids
  [check] PASS  determinism_selftest: same seed -> bitwise identical parameters on a synthetic training path
  [mirt] epoch  20  test RMSE(step0) = 1.45140  (7.7s)
  [mirt] epoch  40  test RMSE(step0) = 1.46492  (16.0s)
  [mirt] epoch  60  test RMSE(step0) = 1.46522  (25.1s)
mirt     step0 rmse=1.46521 cov=0.996
  [mf_dot] epoch  20  test RMSE(step0) = 1.44872  (7.3s)
  [mf_dot] epoch  40  test RMSE(step0) = 1.46285  (14.4s)
  [mf_dot] epoch  60  test RMSE(step0) = 1.46282  (20.0s)
mf_dot   step0 rmse=1.46283 cov=0.996
  [mirt_exp] d_constraint=nonneg  d_logit_wd=0
  [mirt_exp] epoch  20  test RMSE(step0) = 1.50544  (9.4s)
  [mirt_exp] epoch  40  test RMSE(step0) = 1.50373  (19.3s)
  [mirt_exp] epoch  60  test RMSE(step0) = 1.50014  (30.3s)
mirt_exp step0 rmse=1.50014 cov=0.996
  [check] PASS  coverage_reported: 6 result blocks carry coverage + n_scored
  [check] PASS  no_test_leak: training rows used = 674,436; of those on a held-out pair = 0; test tensors never enter the optimiser
Traceback (most recent call last):
  File "/home/mikechu/Documents/Projects/DenseConstantRegressor/scripts/step2_predict.py", line 682, in <module>
    main()
    ~~~~^^
  File "/home/mikechu/Documents/Projects/DenseConstantRegressor/scripts/step2_predict.py", line 610, in main
    D=model.export_D(),                        # effective D (constraint applied)
      ~~~~~~~~~~~~~~^^
  File "/home/mikechu/Documents/Projects/DenseConstantRegressor/scripts/step2_predict.py", line 248, in export_D
    Z = self.p["D"].detach()
        ~~~~~~^^^^^
KeyError: 'D'

===== --models mirt --dim 4 --features F1 --p-drift logpc =====
Sun Oct  4 06:05:51 PM CST 2026
engine: torch 2.13.0+cpu on cpu, threads=6, deterministic_algorithms=True
mechanism: p_drift=logpc (P_eff = P + Pc*ln(playcount_cur))  d_constraint=none  d_logit_wd=None
[step1] step1_1k.parquet: 964,417 rows, 990 players, 20,376 beatmaps
[step0] step0_1k.csv: 1,399,615 rows, 990 players, 20,655 beatmaps
pair universe = step0: 866,616 ordered pairs -> test 259,500 (29.94%)
train plays = 674,436 (step1)   test plays = 420,401 (step0)   test pairs' step1 rows = 289,981
  [check] PASS  pair_never_crosses_split: 0 ordered pairs on both sides (train 404,944 / test 259,500 unique pairs)
  [check] PASS  train_and_test_disjoint: train rows on a held-out pair = 0; test rows on a held-out pair = 420,401/420,401
  [check] PASS  test_pair_frac: 29.9441% vs target 30.00% (tolerance 1%)
train vocab: 987 entities, 19,636 items
train rows in vocab = 674,436/674,436   test rows covered = 418,856/420,401 (99.63%)
  [check] PASS  loss_in_range: test(1k) loss in [-12.4092, -0.3365], expected [-12.4663, -0.2669]
  [check] PASS  vocab_from_train_only: 987 entities / 19,636 items == unique train ids
  [check] PASS  determinism_selftest: same seed -> bitwise identical parameters on a synthetic training path
  [mirt] epoch  20  test RMSE(step0) = 1.41442  (29.0s)
  [mirt] epoch  40  test RMSE(step0) = 1.43071  (55.7s)
  [mirt] epoch  60  test RMSE(step0) = 1.42971  (82.1s)
mirt     step0 rmse=1.42971 cov=0.996
  [check] PASS  coverage_reported: 2 result blocks carry coverage + n_scored
  [check] PASS  no_test_leak: training rows used = 674,436; of those on a held-out pair = 0; test tensors never enter the optimiser
  [check] PASS  npz_matches_summary: mirt:ok

wrote npz per model + step2_1k_summary_loss.json (86.6s total)
{
  "mirt|step0": {
    "n_scored": 418856,
    "coverage": 0.996325,
    "rmse": 1.429714,
    "mae": 1.036291,
    "spearman": 0.77132,
    "pp_p50": 0.238654,
    "pp_p90": 2.834207,
    "pp_mean": 1.027083,
    "pp_gt1_frac": 0.263503,
    "pp_gt5_frac": 0.038417
  },
  "mirt|step1": {
    "n_scored": 288833,
    "coverage": 0.996041,
    "rmse": 1.005923,
    "mae": 0.755899,
    "spearman": 0.887157,
    "pp_p50": 0.146754,
    "pp_p90": 1.734094,
    "pp_mean": 0.58857,
    "pp_gt1_frac": 0.177923,
    "pp_gt5_frac": 0.011726
  }
}

===== --models mirt,mf_dot,mirt_exp --dim 8 =====
Sun Oct  4 06:07:20 PM CST 2026
engine: torch 2.13.0+cpu on cpu, threads=6, deterministic_algorithms=True
mechanism: p_drift=none (P_eff = P + Pc*ln(playcount_cur))  d_constraint=none  d_logit_wd=None
note: mirt_exp = b0 + ln(sum_i D_mi*exp(-(P_ui-C_mi))); D is forced positive (softplus) because a free D can make the sum negative, and its log undefined
[step1] step1_1k.parquet: 964,417 rows, 990 players, 20,376 beatmaps
[step0] step0_1k.csv: 1,399,615 rows, 990 players, 20,655 beatmaps
pair universe = step0: 866,616 ordered pairs -> test 259,500 (29.94%)
train plays = 674,436 (step1)   test plays = 420,401 (step0)   test pairs' step1 rows = 289,981
  [check] PASS  pair_never_crosses_split: 0 ordered pairs on both sides (train 404,944 / test 259,500 unique pairs)
  [check] PASS  train_and_test_disjoint: train rows on a held-out pair = 0; test rows on a held-out pair = 420,401/420,401
  [check] PASS  test_pair_frac: 29.9441% vs target 30.00% (tolerance 1%)
train vocab: 987 entities, 19,636 items
train rows in vocab = 674,436/674,436   test rows covered = 418,856/420,401 (99.63%)
  [check] PASS  loss_in_range: test(1k) loss in [-12.4092, -0.3365], expected [-12.4663, -0.2669]
  [check] PASS  vocab_from_train_only: 987 entities / 19,636 items == unique train ids
  [check] PASS  determinism_selftest: same seed -> bitwise identical parameters on a synthetic training path
  [mirt] epoch  20  test RMSE(step0) = 1.44591  (30.2s)
  [mirt] epoch  40  test RMSE(step0) = 1.45799  (62.3s)
  [mirt] epoch  60  test RMSE(step0) = 1.45824  (93.0s)
mirt     step0 rmse=1.45824 cov=0.996
  [mf_dot] epoch  20  test RMSE(step0) = 1.44169  (32.0s)
  [mf_dot] epoch  40  test RMSE(step0) = 1.45555  (62.6s)
  [mf_dot] epoch  60  test RMSE(step0) = 1.45556  (78.0s)
mf_dot   step0 rmse=1.45556 cov=0.996
  [mirt_exp] d_constraint=nonneg  d_logit_wd=0
  [mirt_exp] epoch  20  test RMSE(step0) = 1.50827  (30.8s)
  [mirt_exp] epoch  40  test RMSE(step0) = 1.50128  (66.5s)
  [mirt_exp] epoch  60  test RMSE(step0) = 1.49812  (100.3s)
mirt_exp step0 rmse=1.49812 cov=0.996
  [check] PASS  coverage_reported: 6 result blocks carry coverage + n_scored
  [check] PASS  no_test_leak: training rows used = 674,436; of those on a held-out pair = 0; test tensors never enter the optimiser
Traceback (most recent call last):
  File "/home/mikechu/Documents/Projects/DenseConstantRegressor/scripts/step2_predict.py", line 682, in <module>
    main()
    ~~~~^^
  File "/home/mikechu/Documents/Projects/DenseConstantRegressor/scripts/step2_predict.py", line 610, in main
    D=model.export_D(),                        # effective D (constraint applied)
      ~~~~~~~~~~~~~~^^
  File "/home/mikechu/Documents/Projects/DenseConstantRegressor/scripts/step2_predict.py", line 248, in export_D
    Z = self.p["D"].detach()
        ~~~~~~^^^^^
KeyError: 'D'

===== --models mirt --dim 8 --features F1 --p-drift logpc =====
Sun Oct  4 06:12:00 PM CST 2026
engine: torch 2.13.0+cpu on cpu, threads=6, deterministic_algorithms=True
mechanism: p_drift=logpc (P_eff = P + Pc*ln(playcount_cur))  d_constraint=none  d_logit_wd=None
[step1] step1_1k.parquet: 964,417 rows, 990 players, 20,376 beatmaps
[step0] step0_1k.csv: 1,399,615 rows, 990 players, 20,655 beatmaps
pair universe = step0: 866,616 ordered pairs -> test 259,500 (29.94%)
train plays = 674,436 (step1)   test plays = 420,401 (step0)   test pairs' step1 rows = 289,981
  [check] PASS  pair_never_crosses_split: 0 ordered pairs on both sides (train 404,944 / test 259,500 unique pairs)
  [check] PASS  train_and_test_disjoint: train rows on a held-out pair = 0; test rows on a held-out pair = 420,401/420,401
  [check] PASS  test_pair_frac: 29.9441% vs target 30.00% (tolerance 1%)
train vocab: 987 entities, 19,636 items
train rows in vocab = 674,436/674,436   test rows covered = 418,856/420,401 (99.63%)
  [check] PASS  loss_in_range: test(1k) loss in [-12.4092, -0.3365], expected [-12.4663, -0.2669]
  [check] PASS  vocab_from_train_only: 987 entities / 19,636 items == unique train ids
  [check] PASS  determinism_selftest: same seed -> bitwise identical parameters on a synthetic training path
  [mirt] epoch  20  test RMSE(step0) = 1.40916  (37.3s)
  [mirt] epoch  40  test RMSE(step0) = 1.42248  (65.2s)
  [mirt] epoch  60  test RMSE(step0) = 1.42160  (96.9s)
mirt     step0 rmse=1.42160 cov=0.996
  [check] PASS  coverage_reported: 2 result blocks carry coverage + n_scored
  [check] PASS  no_test_leak: training rows used = 674,436; of those on a held-out pair = 0; test tensors never enter the optimiser
  [check] PASS  npz_matches_summary: mirt:ok

wrote npz per model + step2_1k_summary_loss.json (102.6s total)
{
  "mirt|step0": {
    "n_scored": 418856,
    "coverage": 0.996325,
    "rmse": 1.421598,
    "mae": 1.028308,
    "spearman": 0.774743,
    "pp_p50": 0.234315,
    "pp_p90": 2.81111,
    "pp_mean": 1.017929,
    "pp_gt1_frac": 0.260868,
    "pp_gt5_frac": 0.03802
  },
  "mirt|step1": {
    "n_scored": 288833,
    "coverage": 0.996041,
    "rmse": 0.998806,
    "mae": 0.748391,
    "spearman": 0.888989,
    "pp_p50": 0.143773,
    "pp_p90": 1.708931,
    "pp_mean": 0.577778,
    "pp_gt1_frac": 0.174322,
    "pp_gt5_frac": 0.011304
  }
}

ALL_DONE
Sun Oct  4 06:13:46 PM CST 2026
