===== A: F0, mirt vs mirt_exp =====
Sun Oct  4 04:27:29 PM CST 2026
engine: torch 2.13.0+cpu on cpu, threads=6, deterministic_algorithms=True
mechanism: p_drift=none (P_eff = P + Pc*ln(playcount_cur))  d_constraint=none (effective: nonneg(forced))  d_logit_wd=0
note: mirt_exp = b0 + ln(sum_i D_mi*exp(-(P_ui-C_mi))); D is forced positive (softplus) because a free D can make the sum negative, and its log undefined
[step1] step1_1k.parquet: 964,417 rows, 990 players, 20,376 beatmaps
[step0] step0_1k.csv: 1,399,615 rows, 990 players, 20,655 beatmaps
pair universe = step0: 866,616 ordered pairs -> test 259,500 (29.94%)
train plays = 674,436 (step1)   test plays = 420,401 (step0)   test pairs' step1 rows = 289,981
  [check] PASS  pair_never_crosses_split: 0 ordered pairs on both sides (train 404,944 / test 259,500 unique pairs)
  [check] PASS  train_and_test_disjoint: train rows on a held-out pair = 0; test rows on a held-out pair = 420,401/420,401
  [check] PASS  test_pair_frac: 29.9441% vs target 30.00% (tolerance 1%)
train vocab: 987 entities, 19,636 items
train rows in vocab = 674,436/674,436   test rows covered = 418,856/420,401 (99.63%)
  [check] PASS  loss_in_range: test(1k) loss in [-12.4092, -0.3365], expected [-12.4663, -0.2669]
  [check] PASS  vocab_from_train_only: 987 entities / 19,636 items == unique train ids
  [check] PASS  determinism_selftest: same seed -> bitwise identical parameters on a synthetic training path
  [mirt] epoch  20  test RMSE(step0) = 1.50952  (24.2s)
  [mirt] epoch  40  test RMSE(step0) = 1.52739  (41.0s)
  [mirt] epoch  60  test RMSE(step0) = 1.53195  (58.8s)
mirt     step0 rmse=1.53195 cov=0.996
  [mirt_exp] epoch  20  test RMSE(step0) = 1.53222  (19.2s)
  [mirt_exp] epoch  40  test RMSE(step0) = 1.50808  (42.5s)
  [mirt_exp] epoch  60  test RMSE(step0) = 1.50117  (65.3s)
mirt_exp step0 rmse=1.50117 cov=0.996
  [check] PASS  coverage_reported: 4 result blocks carry coverage + n_scored
  [check] PASS  no_test_leak: training rows used = 674,436; of those on a held-out pair = 0; test tensors never enter the optimiser
  [check] PASS  npz_matches_summary: mirt:ok mirt_exp:ok

wrote npz per model + step2_1k_summary_loss.json (129.5s total)
{
  "mirt|step0": {
    "n_scored": 418856,
    "coverage": 0.996325,
    "rmse": 1.531948,
    "mae": 1.094675,
    "spearman": 0.743336,
    "pp_p50": 0.265058,
    "pp_p90": 2.827625,
    "pp_mean": 1.047257,
    "pp_gt1_frac": 0.269057,
    "pp_gt5_frac": 0.038617
  },
  "mirt|step1": {
    "n_scored": 288833,
    "coverage": 0.996041,
    "rmse": 1.084534,
    "mae": 0.800081,
    "spearman": 0.871758,
    "pp_p50": 0.168151,
    "pp_p90": 1.783039,
    "pp_mean": 0.627331,
    "pp_gt1_frac": 0.186977,
    "pp_gt5_frac": 0.012904
  },
  "mirt_exp|step0": {
    "n_scored": 418856,
    "coverage": 0.996325,
    "rmse": 1.501167,
    "mae": 1.062326,
    "spearman": 0.752762,
    "pp_p50": 0.247531,
    "pp_p90": 2.827779,
    "pp_mean": 1.029451,
    "pp_gt1_frac": 0.266695,
    "pp_gt5_frac": 0.038152
  },
  "mirt_exp|step1": {
    "n_scored": 288833,
    "coverage": 0.996041,
    "rmse": 1.009201,
    "mae": 0.742569,
    "spearman": 0.885083,
    "pp_p50": 0.151026,
    "pp_p90": 1.728844,
    "pp_mean": 0.594154,
    "pp_gt1_frac": 0.179377,
    "pp_gt5_frac": 0.011515
  }
}

===== B: F1, mirt vs mirt_exp =====
Sun Oct  4 04:29:42 PM CST 2026
engine: torch 2.13.0+cpu on cpu, threads=6, deterministic_algorithms=True
mechanism: p_drift=none (P_eff = P + Pc*ln(playcount_cur))  d_constraint=none (effective: nonneg(forced))  d_logit_wd=0
note: mirt_exp = b0 + ln(sum_i D_mi*exp(-(P_ui-C_mi))); D is forced positive (softplus) because a free D can make the sum negative, and its log undefined
[step1] step1_1k.parquet: 964,417 rows, 990 players, 20,376 beatmaps
[step0] step0_1k.csv: 1,399,615 rows, 990 players, 20,655 beatmaps
pair universe = step0: 866,616 ordered pairs -> test 259,500 (29.94%)
train plays = 674,436 (step1)   test plays = 420,401 (step0)   test pairs' step1 rows = 289,981
  [check] PASS  pair_never_crosses_split: 0 ordered pairs on both sides (train 404,944 / test 259,500 unique pairs)
  [check] PASS  train_and_test_disjoint: train rows on a held-out pair = 0; test rows on a held-out pair = 420,401/420,401
  [check] PASS  test_pair_frac: 29.9441% vs target 30.00% (tolerance 1%)
train vocab: 987 entities, 19,636 items
train rows in vocab = 674,436/674,436   test rows covered = 418,856/420,401 (99.63%)
  [check] PASS  loss_in_range: test(1k) loss in [-12.4092, -0.3365], expected [-12.4663, -0.2669]
  [check] PASS  vocab_from_train_only: 987 entities / 19,636 items == unique train ids
  [check] PASS  determinism_selftest: same seed -> bitwise identical parameters on a synthetic training path
  [mirt] epoch  20  test RMSE(step0) = 1.48079  (16.9s)
  [mirt] epoch  40  test RMSE(step0) = 1.50154  (36.1s)
  [mirt] epoch  60  test RMSE(step0) = 1.50420  (53.5s)
mirt     step0 rmse=1.50420 cov=0.996
  [mirt_exp] epoch  20  test RMSE(step0) = 1.49252  (23.0s)
  [mirt_exp] epoch  40  test RMSE(step0) = 1.47589  (44.3s)
  [mirt_exp] epoch  60  test RMSE(step0) = 1.46947  (65.6s)
mirt_exp step0 rmse=1.46947 cov=0.996
  [check] PASS  coverage_reported: 4 result blocks carry coverage + n_scored
  [check] PASS  no_test_leak: training rows used = 674,436; of those on a held-out pair = 0; test tensors never enter the optimiser
  [check] PASS  npz_matches_summary: mirt:ok mirt_exp:ok

wrote npz per model + step2_1k_summary_loss.json (124.2s total)
{
  "mirt|step0": {
    "n_scored": 418856,
    "coverage": 0.996325,
    "rmse": 1.504203,
    "mae": 1.072131,
    "spearman": 0.752829,
    "pp_p50": 0.256223,
    "pp_p90": 2.774055,
    "pp_mean": 1.036958,
    "pp_gt1_frac": 0.263788,
    "pp_gt5_frac": 0.03775
  },
  "mirt|step1": {
    "n_scored": 288833,
    "coverage": 0.996041,
    "rmse": 1.082794,
    "mae": 0.797568,
    "spearman": 0.873034,
    "pp_p50": 0.163317,
    "pp_p90": 1.779083,
    "pp_mean": 0.631063,
    "pp_gt1_frac": 0.184041,
    "pp_gt5_frac": 0.013437
  },
  "mirt_exp|step0": {
    "n_scored": 418856,
    "coverage": 0.996325,
    "rmse": 1.469468,
    "mae": 1.036465,
    "spearman": 0.761939,
    "pp_p50": 0.239559,
    "pp_p90": 2.755516,
    "pp_mean": 1.002863,
    "pp_gt1_frac": 0.260166,
    "pp_gt5_frac": 0.036454
  },
  "mirt_exp|step1": {
    "n_scored": 288833,
    "coverage": 0.996041,
    "rmse": 1.00211,
    "mae": 0.735714,
    "spearman": 0.887536,
    "pp_p50": 0.147691,
    "pp_p90": 1.687241,
    "pp_mean": 0.580345,
    "pp_gt1_frac": 0.174326,
    "pp_gt5_frac": 0.011041
  }
}

===== C: F1 + Pc drift, mirt vs mirt_exp =====
Sun Oct  4 04:31:49 PM CST 2026
engine: torch 2.13.0+cpu on cpu, threads=6, deterministic_algorithms=True
mechanism: p_drift=logpc (P_eff = P + Pc*ln(playcount_cur))  d_constraint=none (effective: nonneg(forced))  d_logit_wd=0
note: mirt_exp = b0 + ln(sum_i D_mi*exp(-(P_ui-C_mi))); D is forced positive (softplus) because a free D can make the sum negative, and its log undefined
[step1] step1_1k.parquet: 964,417 rows, 990 players, 20,376 beatmaps
[step0] step0_1k.csv: 1,399,615 rows, 990 players, 20,655 beatmaps
pair universe = step0: 866,616 ordered pairs -> test 259,500 (29.94%)
train plays = 674,436 (step1)   test plays = 420,401 (step0)   test pairs' step1 rows = 289,981
  [check] PASS  pair_never_crosses_split: 0 ordered pairs on both sides (train 404,944 / test 259,500 unique pairs)
  [check] PASS  train_and_test_disjoint: train rows on a held-out pair = 0; test rows on a held-out pair = 420,401/420,401
  [check] PASS  test_pair_frac: 29.9441% vs target 30.00% (tolerance 1%)
train vocab: 987 entities, 19,636 items
train rows in vocab = 674,436/674,436   test rows covered = 418,856/420,401 (99.63%)
  [check] PASS  loss_in_range: test(1k) loss in [-12.4092, -0.3365], expected [-12.4663, -0.2669]
  [check] PASS  vocab_from_train_only: 987 entities / 19,636 items == unique train ids
  [check] PASS  determinism_selftest: same seed -> bitwise identical parameters on a synthetic training path
  [mirt] epoch  20  test RMSE(step0) = 1.47135  (19.0s)
  [mirt] epoch  40  test RMSE(step0) = 1.48981  (38.7s)
  [mirt] epoch  60  test RMSE(step0) = 1.49688  (59.3s)
mirt     step0 rmse=1.49688 cov=0.996
  [mirt_exp] epoch  20  test RMSE(step0) = 1.46483  (24.0s)
  [mirt_exp] epoch  40  test RMSE(step0) = 1.46565  (48.3s)
  [mirt_exp] epoch  60  test RMSE(step0) = 1.46138  (74.6s)
mirt_exp step0 rmse=1.46138 cov=0.996
  [check] PASS  coverage_reported: 4 result blocks carry coverage + n_scored
  [check] PASS  no_test_leak: training rows used = 674,436; of those on a held-out pair = 0; test tensors never enter the optimiser
  [check] PASS  npz_matches_summary: mirt:ok mirt_exp:ok

wrote npz per model + step2_1k_summary_loss.json (139.1s total)
{
  "mirt|step0": {
    "n_scored": 418856,
    "coverage": 0.996325,
    "rmse": 1.496877,
    "mae": 1.065527,
    "spearman": 0.756161,
    "pp_p50": 0.255692,
    "pp_p90": 2.764328,
    "pp_mean": 1.024128,
    "pp_gt1_frac": 0.263224,
    "pp_gt5_frac": 0.037342
  },
  "mirt|step1": {
    "n_scored": 288833,
    "coverage": 0.996041,
    "rmse": 1.086833,
    "mae": 0.799306,
    "spearman": 0.872452,
    "pp_p50": 0.163622,
    "pp_p90": 1.773889,
    "pp_mean": 0.62182,
    "pp_gt1_frac": 0.18448,
    "pp_gt5_frac": 0.013153
  },
  "mirt_exp|step0": {
    "n_scored": 418856,
    "coverage": 0.996325,
    "rmse": 1.46138,
    "mae": 1.030795,
    "spearman": 0.765745,
    "pp_p50": 0.238465,
    "pp_p90": 2.749973,
    "pp_mean": 1.003667,
    "pp_gt1_frac": 0.260393,
    "pp_gt5_frac": 0.036564
  },
  "mirt_exp|step1": {
    "n_scored": 288833,
    "coverage": 0.996041,
    "rmse": 1.00202,
    "mae": 0.735736,
    "spearman": 0.887941,
    "pp_p50": 0.146402,
    "pp_p90": 1.689525,
    "pp_mean": 0.583227,
    "pp_gt1_frac": 0.175337,
    "pp_gt5_frac": 0.011297
  }
}

===== D: reference, mirt free D with --d-logit-wd 0 =====
Sun Oct  4 04:34:11 PM CST 2026
engine: torch 2.13.0+cpu on cpu, threads=6, deterministic_algorithms=True
[step1] step1_1k.parquet: 964,417 rows, 990 players, 20,376 beatmaps
[step0] step0_1k.csv: 1,399,615 rows, 990 players, 20,655 beatmaps
pair universe = step0: 866,616 ordered pairs -> test 259,500 (29.94%)
train plays = 674,436 (step1)   test plays = 420,401 (step0)   test pairs' step1 rows = 289,981
  [check] PASS  pair_never_crosses_split: 0 ordered pairs on both sides (train 404,944 / test 259,500 unique pairs)
  [check] PASS  train_and_test_disjoint: train rows on a held-out pair = 0; test rows on a held-out pair = 420,401/420,401
  [check] PASS  test_pair_frac: 29.9441% vs target 30.00% (tolerance 1%)
train vocab: 987 entities, 19,636 items
train rows in vocab = 674,436/674,436   test rows covered = 418,856/420,401 (99.63%)
  [check] PASS  loss_in_range: test(1k) loss in [-12.4092, -0.3365], expected [-12.4663, -0.2669]
  [check] PASS  vocab_from_train_only: 987 entities / 19,636 items == unique train ids
  [check] PASS  determinism_selftest: same seed -> bitwise identical parameters on a synthetic training path
  [mirt] epoch  20  test RMSE(step0) = 1.50952  (17.6s)
  [mirt] epoch  40  test RMSE(step0) = 1.52739  (34.8s)
  [mirt] epoch  60  test RMSE(step0) = 1.53195  (52.4s)
mirt     step0 rmse=1.53195 cov=0.996
  [check] PASS  coverage_reported: 2 result blocks carry coverage + n_scored
  [check] PASS  no_test_leak: training rows used = 674,436; of those on a held-out pair = 0; test tensors never enter the optimiser
  [check] PASS  npz_matches_summary: mirt:ok

wrote npz per model + step2_1k_summary_loss.json (57.1s total)
{
  "mirt|step0": {
    "n_scored": 418856,
    "coverage": 0.996325,
    "rmse": 1.531948,
    "mae": 1.094675,
    "spearman": 0.743336,
    "pp_p50": 0.265058,
    "pp_p90": 2.827625,
    "pp_mean": 1.047257,
    "pp_gt1_frac": 0.269057,
    "pp_gt5_frac": 0.038617
  },
  "mirt|step1": {
    "n_scored": 288833,
    "coverage": 0.996041,
    "rmse": 1.084534,
    "mae": 0.800081,
    "spearman": 0.871758,
    "pp_p50": 0.168151,
    "pp_p90": 1.783039,
    "pp_mean": 0.627331,
    "pp_gt1_frac": 0.186977,
    "pp_gt5_frac": 0.012904
  }
}

ALL_DONE
Sun Oct  4 04:35:11 PM CST 2026
