===== 1k main table (bias,mf_dot,mirt / F0) =====
Sun Oct  4 02:27:42 PM CST 2026
engine: torch 2.13.0+cpu on cpu, threads=6, deterministic_algorithms=True
[step1] step1_1k.parquet: 964,417 rows, 990 players, 20,376 beatmaps
[step0] step0_1k.csv: 1,399,615 rows, 990 players, 20,655 beatmaps
pair universe = step0: 866,616 ordered pairs -> test 259,500 (29.94%)
train plays = 674,436 (step1)   test plays = 420,401 (step0)   test pairs' step1 rows = 289,981
  [check] PASS  pair_never_crosses_split: 0 ordered pairs on both sides (train 404,944 / test 259,500 unique pairs)
  [check] PASS  train_and_test_disjoint: train rows on a held-out pair = 0; test rows on a held-out pair = 420,401/420,401
  [check] PASS  test_pair_frac: 29.9441% vs target 30.00% (tolerance 1%)
train vocab: 987 entities, 19,636 items
train rows in vocab = 674,436/674,436   test rows covered = 418,856/420,401 (99.63%)
  [check] PASS  loss_in_range: test(1k) loss in [-12.4092, -0.3365], expected [-12.4663, -0.2669]
  [check] PASS  vocab_from_train_only: 987 entities / 19,636 items == unique train ids
  [check] PASS  determinism_selftest: same seed -> bitwise identical parameters on a synthetic training path
  [bias] epoch  20  test RMSE(step0) = 1.52078  (9.8s)
  [bias] epoch  40  test RMSE(step0) = 1.52521  (18.8s)
  [bias] epoch  60  test RMSE(step0) = 1.52356  (27.2s)
bias     step0 rmse=1.52356 cov=0.996
  [mf_dot] epoch  20  test RMSE(step0) = 1.44265  (19.5s)
  [mf_dot] epoch  40  test RMSE(step0) = 1.45625  (33.5s)
  [mf_dot] epoch  60  test RMSE(step0) = 1.45484  (48.0s)
mf_dot   step0 rmse=1.45484 cov=0.996
  [mirt] epoch  20  test RMSE(step0) = 1.44461  (19.3s)
  [mirt] epoch  40  test RMSE(step0) = 1.45822  (38.4s)
  [mirt] epoch  60  test RMSE(step0) = 1.45823  (56.9s)
mirt     step0 rmse=1.45823 cov=0.996
  [check] PASS  coverage_reported: 6 result blocks carry coverage + n_scored
  [check] PASS  no_test_leak: training rows used = 674,436; of those on a held-out pair = 0; test tensors never enter the optimiser
  [check] PASS  npz_matches_summary: bias:ok mf_dot:ok mirt:ok

wrote npz per model + step2_1k_summary_loss.json (139.1s total)
{
  "bias|step0": {
    "n_scored": 418856,
    "coverage": 0.996325,
    "rmse": 1.523563,
    "mae": 1.176477,
    "spearman": 0.733,
    "pp_p50": 0.271681,
    "pp_p90": 3.271377,
    "pp_mean": 1.159416,
    "pp_gt1_frac": 0.294187,
    "pp_gt5_frac": 0.047128
  },
  "bias|step1": {
    "n_scored": 288833,
    "coverage": 0.996041,
    "rmse": 1.198787,
    "mae": 0.938573,
    "spearman": 0.843506,
    "pp_p50": 0.170757,
    "pp_p90": 2.252039,
    "pp_mean": 0.733555,
    "pp_gt1_frac": 0.215782,
    "pp_gt5_frac": 0.020818
  },
  "mf_dot|step0": {
    "n_scored": 418856,
    "coverage": 0.996325,
    "rmse": 1.454837,
    "mae": 1.059649,
    "spearman": 0.763243,
    "pp_p50": 0.242601,
    "pp_p90": 2.903473,
    "pp_mean": 1.047379,
    "pp_gt1_frac": 0.266901,
    "pp_gt5_frac": 0.040147
  },
  "mf_dot|step1": {
    "n_scored": 288833,
    "coverage": 0.996041,
    "rmse": 1.012624,
    "mae": 0.763959,
    "spearman": 0.885605,
    "pp_p50": 0.148428,
    "pp_p90": 1.759955,
    "pp_mean": 0.595193,
    "pp_gt1_frac": 0.178979,
    "pp_gt5_frac": 0.012332
  },
  "mirt|step0": {
    "n_scored": 418856,
    "coverage": 0.996325,
    "rmse": 1.458235,
    "mae": 1.058534,
    "spearman": 0.763327,
    "pp_p50": 0.242867,
    "pp_p90": 2.865346,
    "pp_mean": 1.037285,
    "pp_gt1_frac": 0.266304,
    "pp_gt5_frac": 0.039085
  },
  "mirt|step1": {
    "n_scored": 288833,
    "coverage": 0.996041,
    "rmse": 1.00869,
    "mae": 0.758998,
    "spearman": 0.886107,
    "pp_p50": 0.147303,
    "pp_p90": 1.740419,
    "pp_mean": 0.586517,
    "pp_gt1_frac": 0.178103,
    "pp_gt5_frac": 0.011328
  }
}

===== 1k F1 (mirt + ln playcount_cur) =====
Sun Oct  4 02:30:06 PM CST 2026
engine: torch 2.13.0+cpu on cpu, threads=6, deterministic_algorithms=True
[step1] step1_1k.parquet: 964,417 rows, 990 players, 20,376 beatmaps
[step0] step0_1k.csv: 1,399,615 rows, 990 players, 20,655 beatmaps
pair universe = step0: 866,616 ordered pairs -> test 259,500 (29.94%)
train plays = 674,436 (step1)   test plays = 420,401 (step0)   test pairs' step1 rows = 289,981
  [check] PASS  pair_never_crosses_split: 0 ordered pairs on both sides (train 404,944 / test 259,500 unique pairs)
  [check] PASS  train_and_test_disjoint: train rows on a held-out pair = 0; test rows on a held-out pair = 420,401/420,401
  [check] PASS  test_pair_frac: 29.9441% vs target 30.00% (tolerance 1%)
train vocab: 987 entities, 19,636 items
train rows in vocab = 674,436/674,436   test rows covered = 418,856/420,401 (99.63%)
  [check] PASS  loss_in_range: test(1k) loss in [-12.4092, -0.3365], expected [-12.4663, -0.2669]
  [check] PASS  vocab_from_train_only: 987 entities / 19,636 items == unique train ids
  [check] PASS  determinism_selftest: same seed -> bitwise identical parameters on a synthetic training path
  [mirt] epoch  20  test RMSE(step0) = 1.41600  (20.7s)
  [mirt] epoch  40  test RMSE(step0) = 1.43077  (40.0s)
  [mirt] epoch  60  test RMSE(step0) = 1.42898  (59.1s)
mirt     step0 rmse=1.42898 cov=0.996
  [check] PASS  coverage_reported: 2 result blocks carry coverage + n_scored
  [check] PASS  no_test_leak: training rows used = 674,436; of those on a held-out pair = 0; test tensors never enter the optimiser
  [check] PASS  npz_matches_summary: mirt:ok

wrote npz per model + step2_1k_summary_loss.json (64.3s total)
{
  "mirt|step0": {
    "n_scored": 418856,
    "coverage": 0.996325,
    "rmse": 1.428985,
    "mae": 1.032928,
    "spearman": 0.772384,
    "pp_p50": 0.234262,
    "pp_p90": 2.790563,
    "pp_mean": 1.011829,
    "pp_gt1_frac": 0.260245,
    "pp_gt5_frac": 0.037485
  },
  "mirt|step1": {
    "n_scored": 288833,
    "coverage": 0.996041,
    "rmse": 1.001566,
    "mae": 0.750298,
    "spearman": 0.888397,
    "pp_p50": 0.143875,
    "pp_p90": 1.690898,
    "pp_mean": 0.573234,
    "pp_gt1_frac": 0.173751,
    "pp_gt5_frac": 0.010916
  }
}

===== 1k F2 (player-year + drift) =====
Sun Oct  4 02:31:13 PM CST 2026
engine: torch 2.13.0+cpu on cpu, threads=6, deterministic_algorithms=True
[step1] step1_1k.parquet: 964,417 rows, 990 players, 20,376 beatmaps
[step0] step0_1k.csv: 1,399,615 rows, 990 players, 20,655 beatmaps
pair universe = step0: 866,616 ordered pairs -> test 259,500 (29.94%)
train plays = 674,436 (step1)   test plays = 420,401 (step0)   test pairs' step1 rows = 289,981
  [check] PASS  pair_never_crosses_split: 0 ordered pairs on both sides (train 404,944 / test 259,500 unique pairs)
  [check] PASS  train_and_test_disjoint: train rows on a held-out pair = 0; test rows on a held-out pair = 420,401/420,401
  [check] PASS  test_pair_frac: 29.9441% vs target 30.00% (tolerance 1%)
train vocab: 4,340 entities, 19,636 items
train rows in vocab = 674,436/674,436   test rows covered = 352,115/420,401 (83.76%)
  [check] PASS  loss_in_range: test(1k) loss in [-12.4092, -0.3365], expected [-12.4663, -0.2669]
  [check] PASS  vocab_from_train_only: 4,340 entities / 19,636 items == unique train ids
  [check] PASS  determinism_selftest: same seed -> bitwise identical parameters on a synthetic training path
  [mirt] epoch  20  test RMSE(step0) = 1.08107  (24.4s)
  [mirt] epoch  40  test RMSE(step0) = 1.09119  (45.2s)
  [mirt] epoch  60  test RMSE(step0) = 1.08858  (67.7s)
mirt     step0 rmse=1.08858 cov=0.838
  [check] PASS  coverage_reported: 2 result blocks carry coverage + n_scored
  [check] PASS  no_test_leak: training rows used = 674,436; of those on a held-out pair = 0; test tensors never enter the optimiser
  [check] PASS  npz_matches_summary: mirt:ok

wrote npz per model + step2_1k_summary_loss.json (73.6s total)
{
  "mirt|step0": {
    "n_scored": 352115,
    "coverage": 0.837569,
    "rmse": 1.088575,
    "mae": 0.817098,
    "spearman": 0.876428,
    "pp_p50": 0.165099,
    "pp_p90": 2.236891,
    "pp_mean": 0.82439,
    "pp_gt1_frac": 0.211562,
    "pp_gt5_frac": 0.027923
  },
  "mirt|step1": {
    "n_scored": 288747,
    "coverage": 0.995745,
    "rmse": 0.975967,
    "mae": 0.736054,
    "spearman": 0.898668,
    "pp_p50": 0.129588,
    "pp_p90": 1.653832,
    "pp_mean": 0.55958,
    "pp_gt1_frac": 0.167212,
    "pp_gt5_frac": 0.011266
  }
}

===== 1k pair-universe step1 =====
Sun Oct  4 02:32:30 PM CST 2026
engine: torch 2.13.0+cpu on cpu, threads=6, deterministic_algorithms=True
[step1] step1_1k.parquet: 964,417 rows, 990 players, 20,376 beatmaps
[step0] step0_1k.csv: 1,399,615 rows, 990 players, 20,655 beatmaps
pair universe = step1: 577,999 ordered pairs -> test 173,194 (29.96%)
note: 314,651 step0 rows are outside the 'step1' pair universe and are neither train nor test
train plays = 675,797 (step1)   test plays = 324,508 (step0)   test pairs' step1 rows = 288,620
  [check] PASS  pair_never_crosses_split: 0 ordered pairs on both sides (train 404,805 / test 173,194 unique pairs)
  [check] PASS  train_and_test_disjoint: train rows on a held-out pair = 0; test rows on a held-out pair = 324,508/324,508
  [check] PASS  test_pair_frac: 29.9644% vs target 30.00% (tolerance 1%)
train vocab: 986 entities, 19,611 items
train rows in vocab = 675,797/675,797   test rows covered = 323,288/324,508 (99.62%)
  [check] PASS  loss_in_range: test(1k) loss in [-12.4663, -0.3955], expected [-12.4663, -0.2669]
  [check] PASS  vocab_from_train_only: 986 entities / 19,611 items == unique train ids
  [check] PASS  determinism_selftest: same seed -> bitwise identical parameters on a synthetic training path
  [mirt] epoch  20  test RMSE(step0) = 1.11657  (18.2s)
  [mirt] epoch  40  test RMSE(step0) = 1.11202  (36.7s)
  [mirt] epoch  60  test RMSE(step0) = 1.11056  (55.3s)
mirt     step0 rmse=1.11056 cov=0.996
  [check] PASS  coverage_reported: 2 result blocks carry coverage + n_scored
  [check] PASS  no_test_leak: training rows used = 675,797; of those on a held-out pair = 0; test tensors never enter the optimiser
  [check] PASS  npz_matches_summary: mirt:ok

wrote npz per model + step2_1k_summary_loss.json (59.7s total)
{
  "mirt|step0": {
    "n_scored": 323288,
    "coverage": 0.99624,
    "rmse": 1.110557,
    "mae": 0.826504,
    "spearman": 0.862363,
    "pp_p50": 0.174001,
    "pp_p90": 2.0786,
    "pp_mean": 0.717915,
    "pp_gt1_frac": 0.207116,
    "pp_gt5_frac": 0.019995
  },
  "mirt|step1": {
    "n_scored": 287430,
    "coverage": 0.995877,
    "rmse": 1.01338,
    "mae": 0.763761,
    "spearman": 0.885206,
    "pp_p50": 0.148634,
    "pp_p90": 1.741715,
    "pp_mean": 0.590442,
    "pp_gt1_frac": 0.179125,
    "pp_gt5_frac": 0.011923
  }
}

ALL_DONE
Sun Oct  4 02:33:33 PM CST 2026
